Component: ARM Compiler 5.06 update 6 (build 750) Tool: armlink [4d35ed]

==============================================================================

Section Cross References

    main.o(i.main) refers to led.o(i.LED_Init) for LED_Init
    main.o(i.main) refers to misc.o(i.NVIC_PriorityGroupConfig) for NVIC_PriorityGroupConfig
    main.o(i.main) refers to usart.o(i.uart_init) for uart_init
    main.o(i.main) refers to usart3.o(i.usart3_init) for usart3_init
    main.o(i.main) refers to gps.o(i.gps_init) for gps_init
    main.o(i.main) refers to motor.o(i.motor_init) for motor_init
    main.o(i.main) refers to led_thread.o(i.led_thread_init) for led_thread_init
    main.o(i.main) refers to gps_thread.o(i.gps_thread_init) for gps_thread_init
    system_stm32f10x.o(i.SetSysClock) refers to system_stm32f10x.o(i.SetSysClockTo72) for SetSysClockTo72
    system_stm32f10x.o(i.SystemCoreClockUpdate) refers to system_stm32f10x.o(.data) for SystemCoreClock
    system_stm32f10x.o(i.SystemInit) refers to system_stm32f10x.o(i.SetSysClock) for SetSysClock
    board.o(i.SysTick_Handler) refers to irq.o(i.rt_interrupt_enter) for rt_interrupt_enter
    board.o(i.SysTick_Handler) refers to clock.o(i.rt_tick_increase) for rt_tick_increase
    board.o(i.SysTick_Handler) refers to irq.o(i.rt_interrupt_leave) for rt_interrupt_leave
    board.o(i.rt_heap_begin_get) refers to board.o(.bss) for rt_heap
    board.o(i.rt_heap_end_get) refers to board.o(.bss) for rt_heap
    board.o(i.rt_hw_board_init) refers to components.o(i.rt_components_board_init) for rt_components_board_init
    board.o(i.rt_hw_board_init) refers to board.o(i.rt_heap_end_get) for rt_heap_end_get
    board.o(i.rt_hw_board_init) refers to board.o(i.rt_heap_begin_get) for rt_heap_begin_get
    board.o(i.rt_hw_board_init) refers to mem.o(i.rt_system_heap_init) for rt_system_heap_init
    board.o(i.rt_hw_board_init) refers to system_stm32f10x.o(.data) for SystemCoreClock
    startup_stm32f10x_hd.o(STACK) refers (Special) to heapauxi.o(.text) for __use_two_region_memory
    startup_stm32f10x_hd.o(HEAP) refers (Special) to heapauxi.o(.text) for __use_two_region_memory
    startup_stm32f10x_hd.o(RESET) refers (Special) to heapauxi.o(.text) for __use_two_region_memory
    startup_stm32f10x_hd.o(RESET) refers to startup_stm32f10x_hd.o(STACK) for __initial_sp
    startup_stm32f10x_hd.o(RESET) refers to startup_stm32f10x_hd.o(.text) for Reset_Handler
    startup_stm32f10x_hd.o(RESET) refers to stm32f10x_it.o(i.NMI_Handler) for NMI_Handler
    startup_stm32f10x_hd.o(RESET) refers to context_rvds.o(.text) for HardFault_Handler
    startup_stm32f10x_hd.o(RESET) refers to stm32f10x_it.o(i.MemManage_Handler) for MemManage_Handler
    startup_stm32f10x_hd.o(RESET) refers to stm32f10x_it.o(i.BusFault_Handler) for BusFault_Handler
    startup_stm32f10x_hd.o(RESET) refers to stm32f10x_it.o(i.UsageFault_Handler) for UsageFault_Handler
    startup_stm32f10x_hd.o(RESET) refers to stm32f10x_it.o(i.SVC_Handler) for SVC_Handler
    startup_stm32f10x_hd.o(RESET) refers to stm32f10x_it.o(i.DebugMon_Handler) for DebugMon_Handler
    startup_stm32f10x_hd.o(RESET) refers to board.o(i.SysTick_Handler) for SysTick_Handler
    startup_stm32f10x_hd.o(RESET) refers to usmart.o(i.TIM4_IRQHandler) for TIM4_IRQHandler
    startup_stm32f10x_hd.o(RESET) refers to usart.o(i.USART1_IRQHandler) for USART1_IRQHandler
    startup_stm32f10x_hd.o(RESET) refers to usart3.o(i.USART3_IRQHandler) for USART3_IRQHandler
    startup_stm32f10x_hd.o(RESET) refers to timer.o(i.TIM7_IRQHandler) for TIM7_IRQHandler
    startup_stm32f10x_hd.o(.text) refers (Special) to heapauxi.o(.text) for __use_two_region_memory
    startup_stm32f10x_hd.o(.text) refers to system_stm32f10x.o(i.SystemInit) for SystemInit
    startup_stm32f10x_hd.o(.text) refers to __main.o(!!!main) for __main
    startup_stm32f10x_hd.o(.text) refers to startup_stm32f10x_hd.o(HEAP) for Heap_Mem
    startup_stm32f10x_hd.o(.text) refers to startup_stm32f10x_hd.o(STACK) for Stack_Mem
    gps.o(i.GPS_Analysis) refers to gps.o(i.NMEA_GPGSV_Analysis) for NMEA_GPGSV_Analysis
    gps.o(i.GPS_Analysis) refers to gps.o(i.NMEA_BDGSV_Analysis) for NMEA_BDGSV_Analysis
    gps.o(i.GPS_Analysis) refers to gps.o(i.NMEA_GNGGA_Analysis) for NMEA_GNGGA_Analysis
    gps.o(i.GPS_Analysis) refers to gps.o(i.NMEA_GNGSA_Analysis) for NMEA_GNGSA_Analysis
    gps.o(i.GPS_Analysis) refers to gps.o(i.NMEA_GNRMC_Analysis) for NMEA_GNRMC_Analysis
    gps.o(i.GPS_Analysis) refers to gps.o(i.NMEA_GNVTG_Analysis) for NMEA_GNVTG_Analysis
    gps.o(i.NMEA_BDGSV_Analysis) refers to strstr.o(.text) for strstr
    gps.o(i.NMEA_BDGSV_Analysis) refers to gps.o(i.NMEA_Comma_Pos) for NMEA_Comma_Pos
    gps.o(i.NMEA_BDGSV_Analysis) refers to gps.o(i.NMEA_Str2num) for NMEA_Str2num
    gps.o(i.NMEA_GNGGA_Analysis) refers to strstr.o(.text) for strstr
    gps.o(i.NMEA_GNGGA_Analysis) refers to gps.o(i.NMEA_Comma_Pos) for NMEA_Comma_Pos
[...]
    i.usmart_get_aparm                       0x080040f8   Section        0  usmart_str.o(i.usmart_get_aparm)
    i.usmart_get_cmdname                     0x080041c0   Section        0  usmart_str.o(i.usmart_get_cmdname)
    i.usmart_get_fname                       0x080041f8   Section        0  usmart_str.o(i.usmart_get_fname)
    i.usmart_get_fparam                      0x080043b8   Section        0  usmart_str.o(i.usmart_get_fparam)
    i.usmart_get_parmpos                     0x080044c4   Section        0  usmart_str.o(i.usmart_get_parmpos)
    i.usmart_get_runtime                     0x080044e4   Section        0  usmart.o(i.usmart_get_runtime)
    i.usmart_init                            0x08004528   Section        0  usmart.o(i.usmart_init)
    i.usmart_pow                             0x08004550   Section        0  usmart_str.o(i.usmart_pow)
    i.usmart_reset_runtime                   0x08004568   Section        0  usmart.o(i.usmart_reset_runtime)
    i.usmart_scan                            0x08004598   Section        0  usmart.o(i.usmart_scan)
    i.usmart_search_nextc                    0x08004654   Section        0  usmart_str.o(i.usmart_search_nextc)
    i.usmart_str2num                         0x0800466a   Section        0  usmart_str.o(i.usmart_str2num)
    i.usmart_strcmp                          0x08004734   Section        0  usmart_str.o(i.usmart_strcmp)
    i.usmart_strcopy                         0x08004756   Section        0  usmart_str.o(i.usmart_strcopy)
    i.usmart_strlen                          0x0800476c   Section        0  usmart_str.o(i.usmart_strlen)
    i.usmart_sys_cmd_exe                     0x08004784   Section        0  usmart.o(i.usmart_sys_cmd_exe)
    i.write_addr                             0x08004e68   Section        0  usmart.o(i.write_addr)
    x$fpl$fadd                               0x08004e6c   Section      196  faddsub_clz.o(x$fpl$fadd)
    _fadd1                                   0x08004e7b   Thumb Code     0  faddsub_clz.o(x$fpl$fadd)
    x$fpl$fdiv                               0x08004f30   Section      388  fdiv.o(x$fpl$fdiv)
    _fdiv1                                   0x08004f31   Thumb Code     0  fdiv.o(x$fpl$fdiv)
    x$fpl$ffixu                              0x080050b4   Section       62  ffixu.o(x$fpl$ffixu)
    x$fpl$ffltu                              0x080050f4   Section       38  fflt_clz.o(x$fpl$ffltu)
    x$fpl$fmul                               0x0800511c   Section      258  fmul.o(x$fpl$fmul)
    x$fpl$fnaninf                            0x0800521e   Section      140  fnaninf.o(x$fpl$fnaninf)
    x$fpl$fretinf                            0x080052aa   Section       10  fretinf.o(x$fpl$fretinf)
    x$fpl$fsub                               0x080052b4   Section      234  faddsub_clz.o(x$fpl$fsub)
    _fsub1                                   0x080052c3   Thumb Code     0  faddsub_clz.o(x$fpl$fsub)
    x$fpl$usenofp                            0x0800539e   Section        0  usenofp.o(x$fpl$usenofp)
    .constdata                               0x080053a0   Section       36  gps.o(.constdata)
    .constdata                               0x080053c4   Section      290  kservice.o(.constdata)
    small_digits                             0x080054c4   Data          17  kservice.o(.constdata)
    large_digits                             0x080054d5   Data          17  kservice.o(.constdata)
    .constdata                               0x080054e6   Section       40  _printf_hex_int_ll_ptr.o(.constdata)
    uc_hextab                                0x080054e6   Data          20  _printf_hex_int_ll_ptr.o(.constdata)
    lc_hextab                                0x080054fa   Data          20  _printf_hex_int_ll_ptr.o(.constdata)
    .constdata                               0x0800550e   Section       17  __printf_flags_ss_wp.o(.constdata)
    maptable                                 0x0800550e   Data          17  __printf_flags_ss_wp.o(.constdata)
    .conststring                             0x08005520   Section       40  usmart.o(.conststring)
    .conststring                             0x08005548   Section      148  usmart_config.o(.conststring)
    .rti_fn.0                                0x080055dc   Section        4  components.o(.rti_fn.0)
    __tagsym$$used                           0x080055dc   Number         0  components.o(.rti_fn.0)
    .rti_fn.0.end                            0x080055e0   Section        4  components.o(.rti_fn.0.end)
    __tagsym$$used                           0x080055e0   Number         0  components.o(.rti_fn.0.end)
    .rti_fn.1.end                            0x080055e4   Section        4  components.o(.rti_fn.1.end)
    __tagsym$$used                           0x080055e4   Number         0  components.o(.rti_fn.1.end)
    .rti_fn.6.end                            0x080055e8   Section        4  components.o(.rti_fn.6.end)
    __tagsym$$used                           0x080055e8   Number         0  components.o(.rti_fn.6.end)
    .data                                    0x20000000   Section       20  system_stm32f10x.o(.data)
    .data                                    0x20000014   Section        2  usart3.o(.data)
    .data                                    0x20000018   Section        8  gps_thread.o(.data)
    gps_thread                               0x20000018   Data           4  gps_thread.o(.data)
    .data                                    0x20000020   Section        8  led_thread.o(.data)
    led0_thread                              0x20000020   Data           4  led_thread.o(.data)
    led1_thread                              0x20000024   Data           4  led_thread.o(.data)
    .data                                    0x20000028   Section        6  usart.o(.data)
    .data                                    0x2000002e   Section       20  stm32f10x_rcc.o(.data)
    APBAHBPrescTable                         0x2000002e   Data          16  stm32f10x_rcc.o(.data)
    ADCPrescTable                            0x2000003e   Data           4  stm32f10x_rcc.o(.data)
    .data                                    0x20000044   Section       28  usmart.o(.data)
    .data                                    0x20000060   Section      284  usmart_config.o(.data)
    .data                                    0x2000017c   Section        4  clock.o(.data)
    rt_tick                                  0x2000017c   Data           4  clock.o(.data)
    .data                                    0x20000180   Section        1  irq.o(.data)
    .data                                    0x20000184   Section       24  mem.o(.data)
    heap_ptr                                 0x20000184   Data           4  mem.o(.data)
    heap_end                                 0x20000188   Data           4  mem.o(.data)
    lfree                                    0x2000018c   Data           4  mem.o(.data)
    mem_size_aligned                         0x20000190   Data           4  mem.o(.data)
    used_mem                                 0x20000194   Data           4  mem.o(.data)
    max_mem                                  0x20000198   Data           4  mem.o(.data)
    .data                                    0x2000019c   Section       64  object.o(.data)
    rt_object_container                      0x2000019c   Data          64  object.o(.data)
    .data                                    0x200001dc   Section       24  scheduler.o(.data)
    rt_scheduler_lock_nest                   0x200001dc   Data           2  scheduler.o(.data)
    .data                                    0x200001f4   Section       12  timer_1.o(.data)
    rt_timer_list                            0x200001f4   Data           8  timer_1.o(.data)
    random_nr                                0x200001fc   Data           4  timer_1.o(.data)
    .data                                    0x20000200   Section       16  cpuport.o(.data)
    rt_exception_hook                        0x2000020c   Data           4  cpuport.o(.data)
    .bss                                     0x20000210   Section     4096  board.o(.bss)
    rt_heap                                  0x20000210   Data        4096  board.o(.bss)
    .bss                                     0x20001210   Section     1200  usart3.o(.bss)
    .bss                                     0x200016c0   Section      866  gps_thread.o(.bss)
    .bss                                     0x20001a22   Section      200  usart.o(.bss)
    .bss                                     0x20001aec   Section      376  idle.o(.bss)
    idle                                     0x20001aec   Data         120  idle.o(.bss)
    rt_thread_stack                          0x20001b64   Data         256  idle.o(.bss)
    .bss                                     0x20001c64   Section      128  kservice.o(.bss)
    rt_log_buf                               0x20001c64   Data         128  kservice.o(.bss)
    .bss                                     0x20001ce4   Section       32  mem.o(.bss)
    heap_sem                                 0x20001ce4   Data          32  mem.o(.bss)
    .bss                                     0x20001d04   Section      256  scheduler.o(.bss)
    .bss                                     0x20001e04   Section       96  libspace.o(.bss)
    HEAP                                     0x20001e68   Section      512  startup_stm32f10x_hd.o(HEAP)
    Heap_Mem                                 0x20001e68   Data         512  startup_stm32f10x_hd.o(HEAP)
    STACK                                    0x20002068   Section     1024  startup_stm32f10x_hd.o(STACK)
    Stack_Mem                                0x20002068   Data        1024  startup_stm32f10x_hd.o(STACK)
    __initial_sp                             0x20002468   Data           0  startup_stm32f10x_hd.o(STACK)

    Global Symbols

    Symbol Name                              Value     Ov Type        Size  Object(Section)

    BuildAttributes$$THM_ISAv4$P$D$K$B$S$PE$A:L22UL41UL21$X:L11$S22US41US21$IEEE1$IW$USESV6$~STKCKD$USESV7$~SHL$OTIME$ROPI$IEEEJ$EBA8$UX$STANDARDLIB$REQ8$PRES8$EABIv2 0x00000000   Number         0  anon$$obj.o ABSOLUTE
    __ARM_use_no_argv                        0x00000000   Number         0  main.o ABSOLUTE
    _printf_flags                            0x00000000   Number         0  printf_stubs.o ABSOLUTE
    _printf_return_value                     0x00000000   Number         0  printf_stubs.o ABSOLUTE
    _printf_sizespec                         0x00000000   Number         0  printf_stubs.o ABSOLUTE
    _printf_widthprec                        0x00000000   Number         0  printf_stubs.o ABSOLUTE
    __ARM_exceptions_init                     - Undefined Weak Reference
    __alloca_initialize                       - Undefined Weak Reference
    __arm_preinit_                            - Undefined Weak Reference
    __cpp_initialize__aeabi_                  - Undefined Weak Reference
    __cxa_finalize                            - Undefined Weak Reference
    __sigvec_lookup                           - Undefined Weak Reference
    _atexit_init                              - Undefined Weak Reference
    _call_atexit_fns                          - Undefined Weak Reference
    _clock_init                               - Undefined Weak Reference
    _fp_trap_init                             - Undefined Weak Reference
    _fp_trap_shutdown                         - Undefined Weak Reference
    _get_lc_collate                           - Undefined Weak Reference
    _get_lc_monetary                          - Undefined Weak Reference
    _get_lc_time                              - Undefined Weak Reference
    _getenv_init                              - Undefined Weak Reference
    _handle_redirection                       - Undefined Weak Reference
    _init_alloc                               - Undefined Weak Reference
    _init_user_alloc                          - Undefined Weak Reference
    _initio                                   - Undefined Weak Reference
    _mutex_acquire                            - Undefined Weak Reference
    _mutex_release                            - Undefined Weak Reference
    _printf_fp_hex                            - Undefined Weak Reference
    _printf_mbtowc                            - Undefined Weak Reference
    _printf_wc                                - Undefined Weak Reference
    _rand_init                                - Undefined Weak Reference
    _signal_finish                            - Undefined Weak Reference
    _signal_init                              - Undefined Weak Reference
    _terminate_alloc                          - Undefined Weak Reference
    _terminate_user_alloc                     - Undefined Weak Reference
    _terminateio                              - Undefined Weak Reference
    __Vectors_Size                           0x00000130   Number         0  startup_stm32f10x_hd.o ABSOLUTE
    __Vectors                                0x08000000   Data           4  startup_stm32f10x_hd.o(RESET)
    __Vectors_End                            0x08000130   Data           0  startup_stm32f10x_hd.o(RESET)
    __main                                   0x08000131   Thumb Code     8  __main.o(!!!main)
    __scatterload                            0x08000139   Thumb Code     0  __scatter.o(!!!scatter)
    __scatterload_rt2                        0x08000139   Thumb Code    44  __scatter.o(!!!scatter)
    __scatterload_rt2_thumb_only             0x08000139   Thumb Code     0  __scatter.o(!!!scatter)
    __scatterload_null                       0x08000147   Thumb Code     0  __scatter.o(!!!scatter)
    __decompress                             0x0800016d   Thumb Code    90  __dczerorl2.o(!!dczerorl2)
    __decompress1                            0x0800016d   Thumb Code     0  __dczerorl2.o(!!dczerorl2)
    __scatterload_zeroinit                   0x080001c9   Thumb Code    28  __scatter_zi.o(!!handler_zi)
    _printf_d                                0x080001e5   Thumb Code     0  _printf_d.o(.ARM.Collect$$_printf_percent$$00000009)
    _printf_percent                          0x080001e5   Thumb Code     0  _printf_percent.o(.ARM.Collect$$_printf_percent$$00000000)
    _printf_u                                0x080001eb   Thumb Code     0  _printf_u.o(.ARM.Collect$$_printf_percent$$0000000A)
    _printf_x                                0x080001f1   Thumb Code     0  _printf_x.o(.ARM.Collect$$_printf_percent$$0000000C)
    _printf_c                                0x080001f7   Thumb Code     0  _printf_c.o(.ARM.Collect$$_printf_percent$$00000013)
    _printf_s                                0x080001fd   Thumb Code     0  _printf_s.o(.ARM.Collect$$_printf_percent$$00000014)
    _printf_percent_end                      0x08000203   Thumb Code     0  _printf_percent_end.o(.ARM.Collect$$_printf_percent$$00000017)
    __rt_lib_init                            0x08000207   Thumb Code     0  libinit.o(.ARM.Collect$$libinit$$00000000)
    __rt_lib_init_alloca_1                   0x08000209   Thumb Code     0  libinit2.o(.ARM.Collect$$libinit$$0000002E)
    __rt_lib_init_argv_1                     0x08000209   Thumb Code     0  libinit2.o(.ARM.Collect$$libinit$$0000002C)
    __rt_lib_init_atexit_1                   0x08000209   Thumb Code     0  libinit2.o(.ARM.Collect$$libinit$$0000001B)
    __rt_lib_init_clock_1                    0x08000209   Thumb Code     0  libinit2.o(.ARM.Collect$$libinit$$00000021)
    __rt_lib_init_cpp_1                      0x08000209   Thumb Code     0  libinit2.o(.ARM.Collect$$libinit$$00000032)
    __rt_lib_init_exceptions_1               0x08000209   Thumb Code     0  libinit2.o(.ARM.Collect$$libinit$$00000030)
    __rt_lib_init_fp_1                       0x08000209   Thumb Code     0  libinit2.o(.ARM.Collect$$libinit$$00000002)
    __rt_lib_init_fp_trap_1                  0x08000209   Thumb Code     0  libinit2.o(.ARM.Collect$$libinit$$0000001F)
    __rt_lib_init_getenv_1                   0x08000209   Thumb Code     0  libinit2.o(.ARM.Collect$$libinit$$00000023)
    __rt_lib_init_heap_1                     0x08000209   Thumb Code     0  libinit2.o(.ARM.Collect$$libinit$$0000000A)
    __rt_lib_init_lc_collate_1               0x08000209   Thumb Code     0  libinit2.o(.ARM.Collect$$libinit$$00000011)
    __rt_lib_init_lc_ctype_1                 0x08000209   Thumb Code     0  libinit2.o(.ARM.Collect$$libinit$$00000013)
    __rt_lib_init_lc_monetary_1              0x08000209   Thumb Code     0  libinit2.o(.ARM.Collect$$libinit$$00000015)
    __rt_lib_init_lc_numeric_1               0x08000209   Thumb Code     0  libinit2.o(.ARM.Collect$$libinit$$00000017)
    __rt_lib_init_lc_time_1                  0x08000209   Thumb Code     0  libinit2.o(.ARM.Collect$$libinit$$00000019)
    __rt_lib_init_preinit_1                  0x08000209   Thumb Code     0  libinit2.o(.ARM.Collect$$libinit$$00000004)
    __rt_lib_init_rand_1                     0x08000209   Thumb Code     0  libinit2.o(.ARM.Collect$$libinit$$0000000E)
    __rt_lib_init_return                     0x08000209   Thumb Code     0  libinit2.o(.ARM.Collect$$libinit$$00000033)
    __rt_lib_init_signal_1                   0x08000209   Thumb Code     0  libinit2.o(.ARM.Collect$$libinit$$0000001D)
    __rt_lib_init_stdio_1                    0x08000209   Thumb Code     0  libinit2.o(.ARM.Collect$$libinit$$00000025)
    __rt_lib_init_user_alloc_1               0x08000209   Thumb Code     0  libinit2.o(.ARM.Collect$$libinit$$0000000C)
    __rt_lib_shutdown                        0x0800020b   Thumb Code     0  libshutdown.o(.ARM.Collect$$libshutdown$$00000000)
    __rt_lib_shutdown_cpp_1                  0x0800020d   Thumb Code     0  libshutdown2.o(.ARM.Collect$$libshutdown$$00000002)
    __rt_lib_shutdown_fp_trap_1              0x0800020d   Thumb Code     0  libshutdown2.o(.ARM.Collect$$libshutdown$$00000007)
    __rt_lib_shutdown_heap_1                 0x0800020d   Thumb Code     0  libshutdown2.o(.ARM.Collect$$libshutdown$$0000000F)
    __rt_lib_shutdown_return                 0x0800020d   Thumb Code     0  libshutdown2.o(.ARM.Collect$$libshutdown$$00000010)
    __rt_lib_shutdown_signal_1               0x0800020d   Thumb Code     0  libshutdown2.o(.ARM.Collect$$libshutdown$$0000000A)
    __rt_lib_shutdown_stdio_1                0x0800020d   Thumb Code     0  libshutdown2.o(.ARM.Collect$$libshutdown$$00000004)
    __rt_lib_shutdown_user_alloc_1           0x0800020d   Thumb Code     0  libshutdown2.o(.ARM.Collect$$libshutdown$$0000000C)
    __rt_entry                               0x0800020f   Thumb Code     0  __rtentry.o(.ARM.Collect$$rtentry$$00000000)
    __rt_entry_presh_1                       0x0800020f   Thumb Code     0  __rtentry2.o(.ARM.Collect$$rtentry$$00000002)
    __rt_entry_sh                            0x0800020f   Thumb Code     0  __rtentry4.o(.ARM.Collect$$rtentry$$00000004)
    __rt_entry_li                            0x08000215   Thumb Code     0  __rtentry2.o(.ARM.Collect$$rtentry$$0000000A)
    __rt_entry_postsh_1                      0x08000215   Thumb Code     0  __rtentry2.o(.ARM.Collect$$rtentry$$00000009)
    __rt_entry_main                          0x08000219   Thumb Code     0  __rtentry2.o(.ARM.Collect$$rtentry$$0000000D)
    __rt_entry_postli_1                      0x08000219   Thumb Code     0  __rtentry2.o(.ARM.Collect$$rtentry$$0000000C)
    __rt_exit                                0x08000221   Thumb Code     0  rtexit.o(.ARM.Collect$$rtexit$$00000000)
    __rt_exit_ls                             0x08000223   Thumb Code     0  rtexit2.o(.ARM.Collect$$rtexit$$00000003)
    __rt_exit_prels_1                        0x08000223   Thumb Code     0  rtexit2.o(.ARM.Collect$$rtexit$$00000002)
    __rt_exit_exit                           0x08000227   Thumb Code     0  rtexit2.o(.ARM.Collect$$rtexit$$00000004)
    Reset_Handler                            0x0800022d   Thumb Code     8  startup_stm32f10x_hd.o(.text)
    ADC1_2_IRQHandler                        0x08000247   Thumb Code     0  startup_stm32f10x_hd.o(.text)
    ADC3_IRQHandler                          0x08000247   Thumb Code     0  startup_stm32f10x_hd.o(.text)
    CAN1_RX1_IRQHandler                      0x08000247   Thumb Code     0  startup_stm32f10x_hd.o(.text)
    CAN1_SCE_IRQHandler                      0x08000247   Thumb Code     0  startup_stm32f10x_hd.o(.text)
    DMA1_Channel1_IRQHandler                 0x08000247   Thumb Code     0  startup_stm32f10x_hd.o(.text)
    DMA1_Channel2_IRQHandler                 0x08000247   Thumb Code     0  startup_stm32f10x_hd.o(.text)
    DMA1_Channel3_IRQHandler                 0x08000247   Thumb Code     0  startup_stm32f10x_hd.o(.text)
    DMA1_Channel4_IRQHandler                 0x08000247   Thumb Code     0  startup_stm32f10x_hd.o(.text)
    DMA1_Channel5_IRQHandler                 0x08000247   Thumb Code     0  startup_stm32f10x_hd.o(.text)
    DMA1_Channel6_IRQHandler                 0x08000247   Thumb Code     0  startup_stm32f10x_hd.o(.text)
    DMA1_Channel7_IRQHandler                 0x08000247   Thumb Code     0  startup_stm32f10x_hd.o(.text)
    DMA2_Channel1_IRQHandler                 0x08000247   Thumb Code     0  startup_stm32f10x_hd.o(.text)
    DMA2_Channel2_IRQHandler                 0x08000247   Thumb Code     0  startup_stm32f10x_hd.o(.text)
    DMA2_Channel3_IRQHandler                 0x08000247   Thumb Code     0  startup_stm32f10x_hd.o(.text)
    DMA2_Channel4_5_IRQHandler               0x08000247   Thumb Code     0  startup_stm32f10x_hd.o(.text)
    EXTI0_IRQHandler                         0x08000247   Thumb Code     0  startup_stm32f10x_hd.o(.text)
    EXTI15_10_IRQHandler                     0x08000247   Thumb Code     0  startup_stm32f10x_hd.o(.text)
    EXTI1_IRQHandler                         0x08000247   Thumb Code     0  startup_stm32f10x_hd.o(.text)
    EXTI2_IRQHandler                         0x08000247   Thumb Code     0  startup_stm32f10x_hd.o(.text)
    EXTI3_IRQHandler                         0x08000247   Thumb Code     0  startup_stm32f10x_hd.o(.text)
    EXTI4_IRQHandler                         0x08000247   Thumb Code     0  startup_stm32f10x_hd.o(.text)
    EXTI9_5_IRQHandler                       0x08000247   Thumb Code     0  startup_stm32f10x_hd.o(.text)
    FLASH_IRQHandler                         0x08000247   Thumb Code     0  startup_stm32f10x_hd.o(.text)
    FSMC_IRQHandler                          0x08000247   Thumb Code     0  startup_stm32f10x_hd.o(.text)
    I2C1_ER_IRQHandler                       0x08000247   Thumb Code     0  startup_stm32f10x_hd.o(.text)
    I2C1_EV_IRQHandler                       0x08000247   Thumb Code     0  startup_stm32f10x_hd.o(.text)
    I2C2_ER_IRQHandler                       0x08000247   Thumb Code     0  startup_stm32f10x_hd.o(.text)
    I2C2_EV_IRQHandler                       0x08000247   Thumb Code     0  startup_stm32f10x_hd.o(.text)
    PVD_IRQHandler                           0x08000247   Thumb Code     0  startup_stm32f10x_hd.o(.text)
    RCC_IRQHandler                           0x08000247   Thumb Code     0  startup_stm32f10x_hd.o(.text)
    RTCAlarm_IRQHandler                      0x08000247   Thumb Code     0  startup_stm32f10x_hd.o(.text)
    RTC_IRQHandler                           0x08000247   Thumb Code     0  startup_stm32f10x_hd.o(.text)
    SDIO_IRQHandler                          0x08000247   Thumb Code     0  startup_stm32f10x_hd.o(.text)
    SPI1_IRQHandler                          0x08000247   Thumb Code     0  startup_stm32f10x_hd.o(.text)
    SPI2_IRQHandler                          0x08000247   Thumb Code     0  startup_stm32f10x_hd.o(.text)
    SPI3_IRQHandler                          0x08000247   Thumb Code     0  startup_stm32f10x_hd.o(.text)
    TAMPER_IRQHandler                        0x08000247   Thumb Code     0  startup_stm32f10x_hd.o(.text)
    TIM1_BRK_IRQHandler                      0x08000247   Thumb Code     0  startup_stm32f10x_hd.o(.text)
    TIM1_CC_IRQHandler                       0x08000247   Thumb Code     0  startup_stm32f10x_hd.o(.text)
    TIM1_TRG_COM_IRQHandler                  0x08000247   Thumb Code     0  startup_stm32f10x_hd.o(.text)
    TIM1_UP_IRQHandler                       0x08000247   Thumb Code     0  startup_stm32f10x_hd.o(.text)
    TIM2_IRQHandler                          0x08000247   Thumb Code     0  startup_stm32f10x_hd.o(.text)
    TIM3_IRQHandler                          0x08000247   Thumb Code     0  startup_stm32f10x_hd.o(.text)
    TIM5_IRQHandler                          0x08000247   Thumb Code     0  startup_stm32f10x_hd.o(.text)
    TIM6_IRQHandler                          0x08000247   Thumb Code     0  startup_stm32f10x_hd.o(.text)
    TIM8_BRK_IRQHandler                      0x08000247   Thumb Code     0  startup_stm32f10x_hd.o(.text)
    TIM8_CC_IRQHandler                       0x08000247   Thumb Code     0  startup_stm32f10x_hd.o(.text)
    TIM8_TRG_COM_IRQHandler                  0x08000247   Thumb Code     0  startup_stm32f10x_hd.o(.text)
    TIM8_UP_IRQHandler                       0x08000247   Thumb Code     0  startup_stm32f10x_hd.o(.text)
    UART4_IRQHandler                         0x08000247   Thumb Code     0  startup_stm32f10x_hd.o(.text)
    UART5_IRQHandler                         0x08000247   Thumb Code     0  startup_stm32f10x_hd.o(.text)
    USART2_IRQHandler                        0x08000247   Thumb Code     0  startup_stm32f10x_hd.o(.text)
    USBWakeUp_IRQHandler                     0x08000247   Thumb Code     0  startup_stm32f10x_hd.o(.text)
    USB_HP_CAN1_TX_IRQHandler                0x08000247   Thumb Code     0  startup_stm32f10x_hd.o(.text)
    USB_LP_CAN1_RX0_IRQHandler               0x08000247   Thumb Code     0  startup_stm32f10x_hd.o(.text)
    WWDG_IRQHandler                          0x08000247   Thumb Code     0  startup_stm32f10x_hd.o(.text)
    __user_initial_stackheap                 0x08000249   Thumb Code     0  startup_stm32f10x_hd.o(.text)
    rt_hw_interrupt_disable                  0x0800026d   Thumb Code     8  context_rvds.o(.text)
    rt_hw_interrupt_enable                   0x08000275   Thumb Code     6  context_rvds.o(.text)
    rt_hw_context_switch                     0x0800027b   Thumb Code    32  context_rvds.o(.text)
    rt_hw_context_switch_interrupt           0x0800027b   Thumb Code     0  context_rvds.o(.text)
    PendSV_Handler                           0x0800029b   Thumb Code    60  context_rvds.o(.text)
    rt_hw_context_switch_to                  0x080002d7   Thumb Code    58  context_rvds.o(.text)
    rt_hw_interrupt_thread_switch            0x08000311   Thumb Code     2  context_rvds.o(.text)
    HardFault_Handler                        0x08000313   Thumb Code    52  context_rvds.o(.text)
    __use_no_semihosting                     0x08000361   Thumb Code     2  use_no_semi_2.o(.text)
    __2printf                                0x08000365   Thumb Code    20  __2printf.o(.text)
    _printf_pre_padding                      0x0800037d   Thumb Code    44  _printf_pad.o(.text)
    _printf_post_padding                     0x080003a9   Thumb Code    34  _printf_pad.o(.text)
    _printf_str                              0x080003cb   Thumb Code    82  _printf_str.o(.text)
    _printf_int_dec                          0x0800041d   Thumb Code   104  _printf_dec.o(.text)
    _printf_longlong_hex                     0x08000495   Thumb Code    86  _printf_hex_int_ll_ptr.o(.text)
    _printf_int_hex                          0x080004eb   Thumb Code    28  _printf_hex_int_ll_ptr.o(.text)
    _printf_ll_hex                           0x08000507   Thumb Code    12  _printf_hex_int_ll_ptr.o(.text)
    _printf_hex_ptr                          0x08000513   Thumb Code    18  _printf_hex_int_ll_ptr.o(.text)
    __printf                                 0x08000529   Thumb Code   388  __printf_flags_ss_wp.o(.text)
    strstr                                   0x080006b1   Thumb Code    36  strstr.o(.text)
    __use_two_region_memory                  0x080006d5   Thumb Code     2  heapauxi.o(.text)
    __rt_heap_escrow$2region                 0x080006d7   Thumb Code     2  heapauxi.o(.text)
    __rt_heap_expand$2region                 0x080006d9   Thumb Code     2  heapauxi.o(.text)
    __I$use$semihosting                      0x080006db   Thumb Code     0  use_no_semi.o(.text)
    __use_no_semihosting_swi                 0x080006db   Thumb Code     2  use_no_semi.o(.text)
    _printf_int_common                       0x080006dd   Thumb Code   178  _printf_intcommon.o(.text)
    _printf_char_common                      0x0800079b   Thumb Code    32  _printf_char_common.o(.text)
    _printf_cs_common                        0x080007c1   Thumb Code    20  _printf_char.o(.text)
    _printf_char                             0x080007d5   Thumb Code    16  _printf_char.o(.text)
    _printf_string                           0x080007e5   Thumb Code     8  _printf_char.o(.text)
    _printf_char_file                        0x080007ed   Thumb Code    32  _printf_char_file.o(.text)
    ferror                                   0x08000811   Thumb Code     8  ferror.o(.text)
    __user_libspace                          0x08000819   Thumb Code     8  libspace.o(.text)
    __user_perproc_libspace                  0x08000819   Thumb Code     0  libspace.o(.text)
    __user_perthread_libspace                0x08000819   Thumb Code     0  libspace.o(.text)
    __user_setup_stackheap                   0x08000821   Thumb Code    74  sys_stackheap_outer.o(.text)
    exit                                     0x0800086b   Thumb Code    18  exit.o(.text)
    main                                     0x0800087d   Thumb Code    10  components.o(i.$Sub$$main)
    BusFault_Handler                         0x08000887   Thumb Code     4  stm32f10x_it.o(i.BusFault_Handler)
    DebugMon_Handler                         0x0800088b   Thumb Code     2  stm32f10x_it.o(i.DebugMon_Handler)
    GPIO_Init                                0x0800088d   Thumb Code   278  stm32f10x_gpio.o(i.GPIO_Init)
    GPIO_SetBits                             0x080009a3   Thumb Code     4  stm32f10x_gpio.o(i.GPIO_SetBits)
    GPS_Analysis                             0x080009a7   Thumb Code    56  gps.o(i.GPS_Analysis)
    LED_Init                                 0x080009e1   Thumb Code    68  led.o(i.LED_Init)
    MemManage_Handler                        0x08000a2d   Thumb Code     4  stm32f10x_it.o(i.MemManage_Handler)
    NMEA_BDGSV_Analysis                      0x08000a31   Thumb Code   298  gps.o(i.NMEA_BDGSV_Analysis)
    NMEA_Comma_Pos                           0x08000b65   Thumb Code    50  gps.o(i.NMEA_Comma_Pos)
    NMEA_GNGGA_Analysis                      0x08000b99   Thumb Code    96  gps.o(i.NMEA_GNGGA_Analysis)
    NMEA_GNGSA_Analysis                      0x08000c01   Thumb Code   176  gps.o(i.NMEA_GNGSA_Analysis)
    NMEA_GNRMC_Analysis                      0x08000cb9   Thumb Code   536  gps.o(i.NMEA_GNRMC_Analysis)
    NMEA_GNVTG_Analysis                      0x08000edd   Thumb Code    78  gps.o(i.NMEA_GNVTG_Analysis)
    NMEA_GPGSV_Analysis                      0x08000f35   Thumb Code   290  gps.o(i.NMEA_GPGSV_Analysis)
    NMEA_Pow                                 0x08001061   Thumb Code    22  gps.o(i.NMEA_Pow)
    NMEA_Str2num                             0x08001077   Thumb Code   234  gps.o(i.NMEA_Str2num)
    NMI_Handler                              0x08001161   Thumb Code     2  stm32f10x_it.o(i.NMI_Handler)
    NVIC_Init                                0x08001165   Thumb Code   100  misc.o(i.NVIC_Init)
    NVIC_PriorityGroupConfig                 0x080011d5   Thumb Code    10  misc.o(i.NVIC_PriorityGroupConfig)
    RCC_APB1PeriphClockCmd                   0x080011e9   Thumb Code    26  stm32f10x_rcc.o(i.RCC_APB1PeriphClockCmd)
    RCC_APB1PeriphResetCmd                   0x08001209   Thumb Code    26  stm32f10x_rcc.o(i.RCC_APB1PeriphResetCmd)
    RCC_APB2PeriphClockCmd                   0x08001229   Thumb Code    26  stm32f10x_rcc.o(i.RCC_APB2PeriphClockCmd)
    RCC_APB2PeriphResetCmd                   0x08001249   Thumb Code    26  stm32f10x_rcc.o(i.RCC_APB2PeriphResetCmd)
    RCC_GetClocksFreq                        0x08001269   Thumb Code   192  stm32f10x_rcc.o(i.RCC_GetClocksFreq)
    SVC_Handler                              0x0800133d   Thumb Code     2  stm32f10x_it.o(i.SVC_Handler)
    SkyTra_Cfg_Ack_Check                     0x08001429   Thumb Code   100  gps.o(i.SkyTra_Cfg_Ack_Check)
    SkyTra_Cfg_Prt                           0x08001495   Thumb Code    86  gps.o(i.SkyTra_Cfg_Prt)
    SkyTra_Cfg_Rate                          0x080014f5   Thumb Code    60  gps.o(i.SkyTra_Cfg_Rate)
    SkyTra_Cfg_Tp                            0x08001535   Thumb Code   126  gps.o(i.SkyTra_Cfg_Tp)
    SkyTra_Send_Date                         0x080015b9   Thumb Code    40  gps.o(i.SkyTra_Send_Date)
    SysTick_Handler                          0x080015e5   Thumb Code    16  board.o(i.SysTick_Handler)
    SystemInit                               0x080015f5   Thumb Code    78  system_stm32f10x.o(i.SystemInit)
    TIM4_IRQHandler                          0x08001655   Thumb Code    46  usmart.o(i.TIM4_IRQHandler)
    TIM7_IRQHandler                          0x0800168d   Thumb Code    42  timer.o(i.TIM7_IRQHandler)
    TIM7_Int_Init                            0x080016c1   Thumb Code    90  timer.o(i.TIM7_Int_Init)
    TIM_ClearFlag                            0x08001721   Thumb Code     6  stm32f10x_tim.o(i.TIM_ClearFlag)
    TIM_ClearITPendingBit                    0x08001727   Thumb Code     6  stm32f10x_tim.o(i.TIM_ClearITPendingBit)
    TIM_Cmd                                  0x0800172d   Thumb Code    24  stm32f10x_tim.o(i.TIM_Cmd)
    TIM_GetCounter                           0x08001745   Thumb Code     6  stm32f10x_tim.o(i.TIM_GetCounter)
    TIM_GetFlagStatus                        0x0800174b   Thumb Code    18  stm32f10x_tim.o(i.TIM_GetFlagStatus)
    TIM_GetITStatus                          0x0800175d   Thumb Code    34  stm32f10x_tim.o(i.TIM_GetITStatus)
    TIM_ITConfig                             0x0800177f   Thumb Code    18  stm32f10x_tim.o(i.TIM_ITConfig)
    TIM_OC1Init                              0x08001791   Thumb Code   132  stm32f10x_tim.o(i.TIM_OC1Init)
    TIM_OC1PreloadConfig                     0x08001829   Thumb Code    18  stm32f10x_tim.o(i.TIM_OC1PreloadConfig)
    TIM_OC2Init                              0x0800183d   Thumb Code   154  stm32f10x_tim.o(i.TIM_OC2Init)
    TIM_OC2PreloadConfig                     0x080018e1   Thumb Code    26  stm32f10x_tim.o(i.TIM_OC2PreloadConfig)
    TIM_OC3Init                              0x080018fd   Thumb Code   150  stm32f10x_tim.o(i.TIM_OC3Init)
    TIM_OC3PreloadConfig                     0x0800199d   Thumb Code    18  stm32f10x_tim.o(i.TIM_OC3PreloadConfig)
    TIM_OC4Init                              0x080019b1   Thumb Code   114  stm32f10x_tim.o(i.TIM_OC4Init)
    TIM_OC4PreloadConfig                     0x08001a2d   Thumb Code    26  stm32f10x_tim.o(i.TIM_OC4PreloadConfig)
    TIM_SetAutoreload                        0x08001a47   Thumb Code     4  stm32f10x_tim.o(i.TIM_SetAutoreload)
    TIM_SetCounter                           0x08001a4b   Thumb Code     4  stm32f10x_tim.o(i.TIM_SetCounter)
    TIM_TimeBaseInit                         0x08001a51   Thumb Code   122  stm32f10x_tim.o(i.TIM_TimeBaseInit)
    Timer4_Init                              0x08001af5   Thumb Code    88  usmart.o(i.Timer4_Init)
    USART1_IRQHandler                        0x08001b51   Thumb Code   122  usart.o(i.USART1_IRQHandler)
    USART3_IRQHandler                        0x08001bd9   Thumb Code   102  usart3.o(i.USART3_IRQHandler)
    USART_Cmd                                0x08001c55   Thumb Code    24  stm32f10x_usart.o(i.USART_Cmd)
    USART_DeInit                             0x08001c6d   Thumb Code   134  stm32f10x_usart.o(i.USART_DeInit)
    USART_GetFlagStatus                      0x08001d09   Thumb Code    26  stm32f10x_usart.o(i.USART_GetFlagStatus)
    USART_GetITStatus                        0x08001d23   Thumb Code    84  stm32f10x_usart.o(i.USART_GetITStatus)
    USART_ITConfig                           0x08001d77   Thumb Code    74  stm32f10x_usart.o(i.USART_ITConfig)
    USART_Init                               0x08001dc1   Thumb Code   210  stm32f10x_usart.o(i.USART_Init)
    USART_ReceiveData                        0x08001e99   Thumb Code    10  stm32f10x_usart.o(i.USART_ReceiveData)
    USART_SendData                           0x08001ea3   Thumb Code     8  stm32f10x_usart.o(i.USART_SendData)
    UsageFault_Handler                       0x08001eab   Thumb Code     4  stm32f10x_it.o(i.UsageFault_Handler)
    __rt_ffs                                 0x08001eb1   Thumb Code    70  kservice.o(i.__rt_ffs)
    _is_digit                                0x08001f11   Thumb Code    14  __printf_wp.o(i._is_digit)
    _sys_exit                                0x08002015   Thumb Code     6  usart.o(i._sys_exit)
    fputc                                    0x0800201d   Thumb Code    24  usart.o(i.fputc)
    gps_init                                 0x08002039   Thumb Code    74  gps.o(i.gps_init)
    gps_thread_init                          0x08002115   Thumb Code    52  gps_thread.o(i.gps_thread_init)
    led_thread_init                          0x080021a1   Thumb Code    56  led_thread.o(i.led_thread_init)
    $Super$$main                             0x080021f9   Thumb Code    50  main.o(i.main)
    main_thread_entry                        0x0800222b   Thumb Code    14  components.o(i.main_thread_entry)
    motor_init                               0x08002239   Thumb Code   214  motor.o(i.motor_init)
    read_addr                                0x0800252d   Thumb Code     6  usmart.o(i.read_addr)
    rt_application_init                      0x08002535   Thumb Code    34  components.o(i.rt_application_init)
    rt_components_board_init                 0x08002565   Thumb Code    20  components.o(i.rt_components_board_init)
    rt_components_init                       0x08002581   Thumb Code    20  components.o(i.rt_components_init)
    rt_enter_critical                        0x0800259d   Thumb Code    28  scheduler.o(i.rt_enter_critical)
    rt_exit_critical                         0x080025bd   Thumb Code    60  scheduler.o(i.rt_exit_critical)
    rt_free                                  0x08002601   Thumb Code   128  mem.o(i.rt_free)
    rt_heap_begin_get                        0x080026e1   Thumb Code     4  board.o(i.rt_heap_begin_get)
    rt_heap_end_get                          0x080026e9   Thumb Code     4  board.o(i.rt_heap_end_get)
    rt_hw_board_init                         0x080026f1   Thumb Code   106  board.o(i.rt_hw_board_init)
    rt_hw_console_output                     0x08002769   Thumb Code     2  kservice.o(i.rt_hw_console_output)
    rt_hw_hard_fault_exception               0x0800276d   Thumb Code   190  cpuport.o(i.rt_hw_hard_fault_exception)
    rt_hw_stack_init                         0x0800296d   Thumb Code    70  cpuport.o(i.rt_hw_stack_init)
    rt_interrupt_enter                       0x080029b9   Thumb Code    26  irq.o(i.rt_interrupt_enter)
    rt_interrupt_leave                       0x080029d9   Thumb Code    26  irq.o(i.rt_interrupt_leave)
    rt_kprintf                               0x08002a89   Thumb Code    44  kservice.o(i.rt_kprintf)
    rt_malloc                                0x08002b49   Thumb Code   336  mem.o(i.rt_malloc)
    rt_memset                                0x08002cb5   Thumb Code    72  kservice.o(i.rt_memset)
    rt_object_allocate                       0x08002cfd   Thumb Code    84  object.o(i.rt_object_allocate)
    rt_object_delete                         0x08002d51   Thumb Code    36  object.o(i.rt_object_delete)
    rt_object_detach                         0x08002d75   Thumb Code    30  object.o(i.rt_object_detach)
    rt_object_get_information                0x08002d95   Thumb Code    36  object.o(i.rt_object_get_information)
    rt_object_init                           0x08002dbd   Thumb Code    86  object.o(i.rt_object_init)
    rt_object_is_systemobject                0x08002e13   Thumb Code    18  object.o(i.rt_object_is_systemobject)
    rt_schedule                              0x08002e25   Thumb Code   106  scheduler.o(i.rt_schedule)
    rt_schedule_insert_thread                0x08002ea9   Thumb Code    72  scheduler.o(i.rt_schedule_insert_thread)
    rt_schedule_remove_thread                0x08002ef9   Thumb Code    76  scheduler.o(i.rt_schedule_remove_thread)
    rt_sem_create                            0x08002f4d   Thumb Code    42  ipc.o(i.rt_sem_create)
    rt_sem_init                              0x08002f77   Thumb Code    38  ipc.o(i.rt_sem_init)
    rt_sem_release                           0x08002f9d   Thumb Code    58  ipc.o(i.rt_sem_release)
    rt_sem_take                              0x08002fd7   Thumb Code   116  ipc.o(i.rt_sem_take)
    rt_show_version                          0x0800304d   Thumb Code    38  kservice.o(i.rt_show_version)
    rt_strlen                                0x080030fd   Thumb Code    18  kservice.o(i.rt_strlen)
    rt_strncpy                               0x0800310f   Thumb Code    52  kservice.o(i.rt_strncpy)
    rt_system_heap_init                      0x08003145   Thumb Code   160  mem.o(i.rt_system_heap_init)
    rt_system_scheduler_init                 0x0800323d   Thumb Code    52  scheduler.o(i.rt_system_scheduler_init)
    rt_system_scheduler_start                0x08003289   Thumb Code    36  scheduler.o(i.rt_system_scheduler_start)
    rt_system_timer_init                     0x080032b9   Thumb Code    24  timer_1.o(i.rt_system_timer_init)
    rt_system_timer_thread_init              0x080032d5   Thumb Code     2  timer_1.o(i.rt_system_timer_thread_init)
    rt_thread_create                         0x080032d7   Thumb Code    80  thread.o(i.rt_thread_create)
    rt_thread_delay                          0x08003327   Thumb Code    12  thread.o(i.rt_thread_delay)
    rt_thread_exit                           0x08003335   Thumb Code    76  thread.o(i.rt_thread_exit)
    rt_thread_idle_excute                    0x08003391   Thumb Code   134  idle.o(i.rt_thread_idle_excute)
    rt_thread_idle_init                      0x0800341d   Thumb Code    38  idle.o(i.rt_thread_idle_init)
    rt_thread_init                           0x08003459   Thumb Code    52  thread.o(i.rt_thread_init)
    rt_thread_resume                         0x0800348d   Thumb Code    60  thread.o(i.rt_thread_resume)
    rt_thread_self                           0x080034c9   Thumb Code     6  thread.o(i.rt_thread_self)
    rt_thread_sleep                          0x080034d5   Thumb Code    62  thread.o(i.rt_thread_sleep)
    rt_thread_startup                        0x08003519   Thumb Code    44  thread.o(i.rt_thread_startup)
    rt_thread_suspend                        0x08003545   Thumb Code    68  thread.o(i.rt_thread_suspend)
    rt_thread_timeout                        0x08003589   Thumb Code    32  thread.o(i.rt_thread_timeout)
    rt_thread_yield                          0x080035a9   Thumb Code    92  thread.o(i.rt_thread_yield)
    rt_tick_get                              0x0800360d   Thumb Code     6  clock.o(i.rt_tick_get)
    rt_tick_increase                         0x08003619   Thumb Code    42  clock.o(i.rt_tick_increase)
    rt_timer_check                           0x08003649   Thumb Code   118  timer_1.o(i.rt_timer_check)
    rt_timer_control                         0x080036c5   Thumb Code    56  timer_1.o(i.rt_timer_control)
    rt_timer_detach                          0x080036fd   Thumb Code    32  timer_1.o(i.rt_timer_detach)
    rt_timer_init                            0x0800371d   Thumb Code    46  timer_1.o(i.rt_timer_init)
    rt_timer_start                           0x0800374d   Thumb Code   238  timer_1.o(i.rt_timer_start)
    rt_timer_stop                            0x08003845   Thumb Code    48  timer_1.o(i.rt_timer_stop)
    rt_vsnprintf                             0x08003875   Thumb Code   808  kservice.o(i.rt_vsnprintf)
    rtthread_startup                         0x08003bb5   Thumb Code    42  components.o(i.rtthread_startup)
    uart_init                                0x08003c05   Thumb Code   152  usart.o(i.uart_init)
    usart3_init                              0x08003ca5   Thumb Code   192  usart3.o(i.usart3_init)
    usmart_cmd_rec                           0x08003d75   Thumb Code   170  usmart.o(i.usmart_cmd_rec)
    usmart_exe                               0x08003e25   Thumb Code   632  usmart.o(i.usmart_exe)
    usmart_get_aparm                         0x080040f9   Thumb Code   200  usmart_str.o(i.usmart_get_aparm)
    usmart_get_cmdname                       0x080041c1   Thumb Code    54  usmart_str.o(i.usmart_get_cmdname)
    usmart_get_fname                         0x080041f9   Thumb Code   440  usmart_str.o(i.usmart_get_fname)
    usmart_get_fparam                        0x080043b9   Thumb Code   262  usmart_str.o(i.usmart_get_fparam)
    usmart_get_parmpos                       0x080044c5   Thumb Code    26  usmart_str.o(i.usmart_get_parmpos)
    usmart_get_runtime                       0x080044e5   Thumb Code    60  usmart.o(i.usmart_get_runtime)
    usmart_init                              0x08004529   Thumb Code    36  usmart.o(i.usmart_init)
    usmart_pow                               0x08004551   Thumb Code    22  usmart_str.o(i.usmart_pow)
    usmart_reset_runtime                     0x08004569   Thumb Code    38  usmart.o(i.usmart_reset_runtime)
    usmart_scan                              0x08004599   Thumb Code   120  usmart.o(i.usmart_scan)
    usmart_search_nextc                      0x08004655   Thumb Code    22  usmart_str.o(i.usmart_search_nextc)
    usmart_str2num                           0x0800466b   Thumb Code   202  usmart_str.o(i.usmart_str2num)
    usmart_strcmp                            0x08004735   Thumb Code    34  usmart_str.o(i.usmart_strcmp)
    usmart_strcopy                           0x08004757   Thumb Code    22  usmart_str.o(i.usmart_strcopy)
    usmart_strlen                            0x0800476d   Thumb Code    24  usmart_str.o(i.usmart_strlen)
    usmart_sys_cmd_exe                       0x08004785   Thumb Code  1554  usmart.o(i.usmart_sys_cmd_exe)
    write_addr                               0x08004e69   Thumb Code     4  usmart.o(i.write_addr)
    __aeabi_fadd                             0x08004e6d   Thumb Code     0  faddsub_clz.o(x$fpl$fadd)
    _fadd                                    0x08004e6d   Thumb Code   196  faddsub_clz.o(x$fpl$fadd)
    __aeabi_fdiv                             0x08004f31   Thumb Code     0  fdiv.o(x$fpl$fdiv)
    _fdiv                                    0x08004f31   Thumb Code   384  fdiv.o(x$fpl$fdiv)
    __aeabi_f2uiz                            0x080050b5   Thumb Code     0  ffixu.o(x$fpl$ffixu)
    _ffixu                                   0x080050b5   Thumb Code    62  ffixu.o(x$fpl$ffixu)
    __aeabi_ui2f                             0x080050f5   Thumb Code     0  fflt_clz.o(x$fpl$ffltu)
    _ffltu                                   0x080050f5   Thumb Code    38  fflt_clz.o(x$fpl$ffltu)
    __aeabi_fmul                             0x0800511d   Thumb Code     0  fmul.o(x$fpl$fmul)
    _fmul                                    0x0800511d   Thumb Code   258  fmul.o(x$fpl$fmul)
    __fpl_fnaninf                            0x0800521f   Thumb Code   140  fnaninf.o(x$fpl$fnaninf)
    __fpl_fretinf                            0x080052ab   Thumb Code    10  fretinf.o(x$fpl$fretinf)
    __aeabi_fsub                             0x080052b5   Thumb Code     0  faddsub_clz.o(x$fpl$fsub)
    _fsub                                    0x080052b5   Thumb Code   234  faddsub_clz.o(x$fpl$fsub)
    __I$use$fp                               0x0800539e   Number         0  usenofp.o(x$fpl$usenofp)
    BAUD_id                                  0x080053a0   Data          36  gps.o(.constdata)
    __lowest_bit_bitmap                      0x080053c4   Data         256  kservice.o(.constdata)
    __rt_init_rti_start                      0x080055dc   Data           4  components.o(.rti_fn.0)
    __rt_init_rti_board_start                0x080055e0   Data           4  components.o(.rti_fn.0.end)
    __rt_init_rti_board_end                  0x080055e4   Data           4  components.o(.rti_fn.1.end)
    __rt_init_rti_end                        0x080055e8   Data           4  components.o(.rti_fn.6.end)
    Region$$Table$$Base                      0x080055ec   Number         0  anon$$obj.o(Region$$Table)
    Region$$Table$$Limit                     0x0800560c   Number         0  anon$$obj.o(Region$$Table)
    SystemCoreClock                          0x20000000   Data           4  system_stm32f10x.o(.data)
    AHBPrescTable                            0x20000004   Data          16  system_stm32f10x.o(.data)
    USART3_RX_STA                            0x20000014   Data           2  usart3.o(.data)
    gps_sem                                  0x2000001c   Data           4  gps_thread.o(.data)
    __stdout                                 0x20000028   Data           4  usart.o(.data)
    USART_RX_STA                             0x2000002c   Data           2  usart.o(.data)
    sys_cmd_tab                              0x20000044   Data          28  usmart.o(.data)
    usmart_nametab                           0x20000060   Data          40  usmart_config.o(.data)
    usmart_dev                               0x20000088   Data         244  usmart_config.o(.data)
    rt_interrupt_nest                        0x20000180   Data           1  irq.o(.data)
    rt_current_thread                        0x200001e0   Data           4  scheduler.o(.data)
    rt_current_priority                      0x200001e4   Data           1  scheduler.o(.data)
    rt_thread_ready_priority_group           0x200001e8   Data           4  scheduler.o(.data)
    rt_thread_defunct                        0x200001ec   Data           8  scheduler.o(.data)
    rt_interrupt_from_thread                 0x20000200   Data           4  cpuport.o(.data)
    rt_interrupt_to_thread                   0x20000204   Data           4  cpuport.o(.data)
    rt_thread_switch_interrupt_flag          0x20000208   Data           4  cpuport.o(.data)
    USART3_RX_BUF                            0x20001210   Data         600  usart3.o(.bss)
    USART3_TX_BUF                            0x20001468   Data         600  usart3.o(.bss)
    gps_rx_buf                               0x200016c0   Data         600  gps_thread.o(.bss)
    gps_tx_buf                               0x20001918   Data         100  gps_thread.o(.bss)
    gps_info                                 0x2000197c   Data         166  gps_thread.o(.bss)
    USART_RX_BUF                             0x20001a22   Data         200  usart.o(.bss)
    rt_thread_priority_table                 0x20001d04   Data         256  scheduler.o(.bss)
    __libspace_start                         0x20001e04   Data          96  libspace.o(.bss)
    __temporary_stack_top$libspace           0x20001e64   Data           0  libspace.o(.bss)



==============================================================================

Memory Map of the image

  Image Entry point : 0x08000131

  Load Region LR_IROM1 (Base: 0x08000000, Size: 0x0000581c, Max: 0x00080000, ABSOLUTE, COMPRESSED[0x0000569c])

    Execution Region ER_IROM1 (Exec base: 0x08000000, Load base: 0x08000000, Size: 0x0000560c, Max: 0x00080000, ABSOLUTE)

    Exec Addr    Load Addr    Size         Type   Attr      Idx    E Section Name        Object

    0x08000000   0x08000000   0x00000130   Data   RO          287    RESET               startup_stm32f10x_hd.o
    0x08000130   0x08000130   0x00000008   Code   RO         3425  * !!!main             c_w.l(__main.o)
    0x08000138   0x08000138   0x00000034   Code   RO         3737    !!!scatter          c_w.l(__scatter.o)
    0x0800016c   0x0800016c   0x0000005a   Code   RO         3735    !!dczerorl2         c_w.l(__dczerorl2.o)
    0x080001c6   0x080001c6   0x00000002   PAD
    0x080001c8   0x080001c8   0x0000001c   Code   RO         3739    !!handler_zi        c_w.l(__scatter_zi.o)
    0x080001e4   0x080001e4   0x00000000   Code   RO         3418    .ARM.Collect$$_printf_percent$$00000000  c_w.l(_printf_percent.o)
    0x080001e4   0x080001e4   0x00000006   Code   RO         3415    .ARM.Collect$$_printf_percent$$00000009  c_w.l(_printf_d.o)
    0x080001ea   0x080001ea   0x00000006   Code   RO         3416    .ARM.Collect$$_printf_percent$$0000000A  c_w.l(_printf_u.o)
    0x080001f0   0x080001f0   0x00000006   Code   RO         3414    .ARM.Collect$$_printf_percent$$0000000C  c_w.l(_printf_x.o)
    0x080001f6   0x080001f6   0x00000006   Code   RO         3412    .ARM.Collect$$_printf_percent$$00000013  c_w.l(_printf_c.o)
    0x080001fc   0x080001fc   0x00000006   Code   RO         3413    .ARM.Collect$$_printf_percent$$00000014  c_w.l(_printf_s.o)
    0x08000202   0x08000202   0x00000004   Code   RO         3508    .ARM.Collect$$_printf_percent$$00000017  c_w.l(_printf_percent_end.o)
    0x08000206   0x08000206   0x00000002   Code   RO         3609    .ARM.Collect$$libinit$$00000000  c_w.l(libinit.o)
    0x08000208   0x08000208   0x00000000   Code   RO         3611    .ARM.Collect$$libinit$$00000002  c_w.l(libinit2.o)
    0x08000208   0x08000208   0x00000000   Code   RO         3613    .ARM.Collect$$libinit$$00000004  c_w.l(libinit2.o)
    0x08000208   0x08000208   0x00000000   Code   RO         3616    .ARM.Collect$$libinit$$0000000A  c_w.l(libinit2.o)
    0x08000208   0x08000208   0x00000000   Code   RO         3618    .ARM.Collect$$libinit$$0000000C  c_w.l(libinit2.o)
    0x08000208   0x08000208   0x00000000   Code   RO         3620    .ARM.Collect$$libinit$$0000000E  c_w.l(libinit2.o)
    0x08000208   0x08000208   0x00000000   Code   RO         3623    .ARM.Collect$$libinit$$00000011  c_w.l(libinit2.o)
    0x08000208   0x08000208   0x00000000   Code   RO         3625    .ARM.Collect$$libinit$$00000013  c_w.l(libinit2.o)
    0x08000208   0x08000208   0x00000000   Code   RO         3627    .ARM.Collect$$libinit$$00000015  c_w.l(libinit2.o)
    0x08000208   0x08000208   0x00000000   Code   RO         3629    .ARM.Collect$$libinit$$00000017  c_w.l(libinit2.o)
    0x08000208   0x08000208   0x00000000   Code   RO         3631    .ARM.Collect$$libinit$$00000019  c_w.l(libinit2.o)
    0x08000208   0x08000208   0x00000000   Code   RO         3633    .ARM.Collect$$libinit$$0000001B  c_w.l(libinit2.o)
    0x08000208   0x08000208   0x00000000   Code   RO         3635    .ARM.Collect$$libinit$$0000001D  c_w.l(libinit2.o)
    0x08000208   0x08000208   0x00000000   Code   RO         3637    .ARM.Collect$$libinit$$0000001F  c_w.l(libinit2.o)
    0x08000208   0x08000208   0x00000000   Code   RO         3639    .ARM.Collect$$libinit$$00000021  c_w.l(libinit2.o)
    0x08000208   0x08000208   0x00000000   Code   RO         3641    .ARM.Collect$$libinit$$00000023  c_w.l(libinit2.o)
    0x08000208   0x08000208   0x00000000   Code   RO         3643    .ARM.Collect$$libinit$$00000025  c_w.l(libinit2.o)
    0x08000208   0x08000208   0x00000000   Code   RO         3647    .ARM.Collect$$libinit$$0000002C  c_w.l(libinit2.o)
    0x08000208   0x08000208   0x00000000   Code   RO         3649    .ARM.Collect$$libinit$$0000002E  c_w.l(libinit2.o)
    0x08000208   0x08000208   0x00000000   Code   RO         3651    .ARM.Collect$$libinit$$00000030  c_w.l(libinit2.o)
    0x08000208   0x08000208   0x00000000   Code   RO         3653    .ARM.Collect$$libinit$$00000032  c_w.l(libinit2.o)
    0x08000208   0x08000208   0x00000002   Code   RO         3654    .ARM.Collect$$libinit$$00000033  c_w.l(libinit2.o)
    0x0800020a   0x0800020a   0x00000002   Code   RO         3685    .ARM.Collect$$libshutdown$$00000000  c_w.l(libshutdown.o)
    0x0800020c   0x0800020c   0x00000000   Code   RO         3694    .ARM.Collect$$libshutdown$$00000002  c_w.l(libshutdown2.o)
    0x0800020c   0x0800020c   0x00000000   Code   RO         3696    .ARM.Collect$$libshutdown$$00000004  c_w.l(libshutdown2.o)
    0x0800020c   0x0800020c   0x00000000   Code   RO         3699    .ARM.Collect$$libshutdown$$00000007  c_w.l(libshutdown2.o)
    0x0800020c   0x0800020c   0x00000000   Code   RO         3702    .ARM.Collect$$libshutdown$$0000000A  c_w.l(libshutdown2.o)
    0x0800020c   0x0800020c   0x00000000   Code   RO         3704    .ARM.Collect$$libshutdown$$0000000C  c_w.l(libshutdown2.o)
    0x0800020c   0x0800020c   0x00000000   Code   RO         3707    .ARM.Collect$$libshutdown$$0000000F  c_w.l(libshutdown2.o)
    0x0800020c   0x0800020c   0x00000002   Code   RO         3708    .ARM.Collect$$libshutdown$$00000010  c_w.l(libshutdown2.o)
    0x0800020e   0x0800020e   0x00000000   Code   RO         3473    .ARM.Collect$$rtentry$$00000000  c_w.l(__rtentry.o)
    0x0800020e   0x0800020e   0x00000000   Code   RO         3528    .ARM.Collect$$rtentry$$00000002  c_w.l(__rtentry2.o)
    0x0800020e   0x0800020e   0x00000006   Code   RO         3540    .ARM.Collect$$rtentry$$00000004  c_w.l(__rtentry4.o)
    0x08000214   0x08000214   0x00000000   Code   RO         3530    .ARM.Collect$$rtentry$$00000009  c_w.l(__rtentry2.o)
    0x08000214   0x08000214   0x00000004   Code   RO         3531    .ARM.Collect$$rtentry$$0000000A  c_w.l(__rtentry2.o)
    0x08000218   0x08000218   0x00000000   Code   RO         3533    .ARM.Collect$$rtentry$$0000000C  c_w.l(__rtentry2.o)
    0x08000218   0x08000218   0x00000008   Code   RO         3534    .ARM.Collect$$rtentry$$0000000D  c_w.l(__rtentry2.o)
    0x08000220   0x08000220   0x00000002   Code   RO         3655    .ARM.Collect$$rtexit$$00000000  c_w.l(rtexit.o)
    0x08000222   0x08000222   0x00000000   Code   RO         3665    .ARM.Collect$$rtexit$$00000002  c_w.l(rtexit2.o)
    0x08000222   0x08000222   0x00000004   Code   RO         3666    .ARM.Collect$$rtexit$$00000003  c_w.l(rtexit2.o)
    0x08000226   0x08000226   0x00000006   Code   RO         3667    .ARM.Collect$$rtexit$$00000004  c_w.l(rtexit2.o)
    0x0800022c   0x0800022c   0x00000040   Code   RO          288    .text               startup_stm32f10x_hd.o
    0x0800026c   0x0800026c   0x000000f4   Code   RO         3310    .text               context_rvds.o
    0x08000360   0x08000360   0x00000002   Code   RO         3355    .text               c_w.l(use_no_semi_2.o)
    0x08000362   0x08000362   0x00000002   PAD
    0x08000364   0x08000364   0x00000018   Code   RO         3359    .text               c_w.l(__2printf.o)
    0x0800037c   0x0800037c   0x0000004e   Code   RO         3365    .text               c_w.l(_printf_pad.o)
    0x080003ca   0x080003ca   0x00000052   Code   RO         3367    .text               c_w.l(_printf_str.o)
    0x0800041c   0x0800041c   0x00000078   Code   RO         3369    .text               c_w.l(_printf_dec.o)
    0x08000494   0x08000494   0x00000094   Code   RO         3389    .text               c_w.l(_printf_hex_int_ll_ptr.o)
    0x08000528   0x08000528   0x00000188   Code   RO         3409    .text               c_w.l(__printf_flags_ss_wp.o)
    0x080006b0   0x080006b0   0x00000024   Code   RO         3419    .text               c_w.l(strstr.o)
    0x080006d4   0x080006d4   0x00000006   Code   RO         3423    .text               c_w.l(heapauxi.o)
    0x080006da   0x080006da   0x00000002   Code   RO         3471    .text               c_w.l(use_no_semi.o)
    0x080006dc   0x080006dc   0x000000b2   Code   RO         3476    .text               c_w.l(_printf_intcommon.o)
    0x0800078e   0x0800078e   0x00000002   PAD
    0x08000790   0x08000790   0x00000030   Code   RO         3482    .text               c_w.l(_printf_char_common.o)
    0x080007c0   0x080007c0   0x0000002c   Code   RO         3486    .text               c_w.l(_printf_char.o)
    0x080007ec   0x080007ec   0x00000024   Code   RO         3488    .text               c_w.l(_printf_char_file.o)
    0x08000810   0x08000810   0x00000008   Code   RO         3580    .text               c_w.l(ferror.o)
    0x08000818   0x08000818   0x00000008   Code   RO         3593    .text               c_w.l(libspace.o)
    0x08000820   0x08000820   0x0000004a   Code   RO         3596    .text               c_w.l(sys_stackheap_outer.o)
    0x0800086a   0x0800086a   0x00000012   Code   RO         3600    .text               c_w.l(exit.o)
    0x0800087c   0x0800087c   0x0000000a   Code   RO         2414    i.$Sub$$main        components.o
    0x08000886   0x08000886   0x00000004   Code   RO          156    i.BusFault_Handler  stm32f10x_it.o
    0x0800088a   0x0800088a   0x00000002   Code   RO          157    i.DebugMon_Handler  stm32f10x_it.o
    0x0800088c   0x0800088c   0x00000116   Code   RO         1980    i.GPIO_Init         stm32f10x_gpio.o
    0x080009a2   0x080009a2   0x00000004   Code   RO         1988    i.GPIO_SetBits      stm32f10x_gpio.o
    0x080009a6   0x080009a6   0x00000038   Code   RO          292    i.GPS_Analysis      gps.o
    0x080009de   0x080009de   0x00000002   PAD
    0x080009e0   0x080009e0   0x0000004c   Code   RO          676    i.LED_Init          led.o
    0x08000a2c   0x08000a2c   0x00000004   Code   RO          158    i.MemManage_Handler  stm32f10x_it.o
    0x08000a30   0x08000a30   0x00000134   Code   RO          293    i.NMEA_BDGSV_Analysis  gps.o
    0x08000b64   0x08000b64   0x00000032   Code   RO          294    i.NMEA_Comma_Pos    gps.o
    0x08000b96   0x08000b96   0x00000002   PAD
    0x08000b98   0x08000b98   0x00000068   Code   RO          295    i.NMEA_GNGGA_Analysis  gps.o
    0x08000c00   0x08000c00   0x000000b8   Code   RO          296    i.NMEA_GNGSA_Analysis  gps.o
    0x08000cb8   0x08000cb8   0x00000224   Code   RO          297    i.NMEA_GNRMC_Analysis  gps.o
    0x08000edc   0x08000edc   0x00000058   Code   RO          298    i.NMEA_GNVTG_Analysis  gps.o
    0x08000f34   0x08000f34   0x0000012c   Code   RO          299    i.NMEA_GPGSV_Analysis  gps.o
    0x08001060   0x08001060   0x00000016   Code   RO          300    i.NMEA_Pow          gps.o
    0x08001076   0x08001076   0x000000ea   Code   RO          301    i.NMEA_Str2num      gps.o
    0x08001160   0x08001160   0x00000002   Code   RO          159    i.NMI_Handler       stm32f10x_it.o
    0x08001162   0x08001162   0x00000002   PAD
    0x08001164   0x08001164   0x00000070   Code   RO          950    i.NVIC_Init         misc.o
    0x080011d4   0x080011d4   0x00000014   Code   RO          951    i.NVIC_PriorityGroupConfig  misc.o
    0x080011e8   0x080011e8   0x00000020   Code   RO         1716    i.RCC_APB1PeriphClockCmd  stm32f10x_rcc.o
    0x08001208   0x08001208   0x00000020   Code   RO         1717    i.RCC_APB1PeriphResetCmd  stm32f10x_rcc.o
    0x08001228   0x08001228   0x00000020   Code   RO         1718    i.RCC_APB2PeriphClockCmd  stm32f10x_rcc.o
    0x08001248   0x08001248   0x00000020   Code   RO         1719    i.RCC_APB2PeriphResetCmd  stm32f10x_rcc.o
    0x08001268   0x08001268   0x000000d4   Code   RO         1726    i.RCC_GetClocksFreq  stm32f10x_rcc.o
    0x0800133c   0x0800133c   0x00000002   Code   RO          160    i.SVC_Handler       stm32f10x_it.o
    0x0800133e   0x0800133e   0x00000008   Code   RO          201    i.SetSysClock       system_stm32f10x.o
    0x08001346   0x08001346   0x00000002   PAD
    0x08001348   0x08001348   0x000000e0   Code   RO          202    i.SetSysClockTo72   system_stm32f10x.o
    0x08001428   0x08001428   0x0000006c   Code   RO          302    i.SkyTra_Cfg_Ack_Check  gps.o
    0x08001494   0x08001494   0x00000060   Code   RO          303    i.SkyTra_Cfg_Prt    gps.o
    0x080014f4   0x080014f4   0x00000040   Code   RO          304    i.SkyTra_Cfg_Rate   gps.o
    0x08001534   0x08001534   0x00000084   Code   RO          305    i.SkyTra_Cfg_Tp     gps.o
    0x080015b8   0x080015b8   0x0000002c   Code   RO          306    i.SkyTra_Send_Date  gps.o
    0x080015e4   0x080015e4   0x00000010   Code   RO          235    i.SysTick_Handler   board.o
    0x080015f4   0x080015f4   0x00000060   Code   RO          204    i.SystemInit        system_stm32f10x.o
    0x08001654   0x08001654   0x00000038   Code   RO         2208    i.TIM4_IRQHandler   usmart.o
    0x0800168c   0x0800168c   0x00000034   Code   RO          688    i.TIM7_IRQHandler   timer.o
    0x080016c0   0x080016c0   0x00000060   Code   RO          689    i.TIM7_Int_Init     timer.o
    0x08001720   0x08001720   0x00000006   Code   RO         1176    i.TIM_ClearFlag     stm32f10x_tim.o
    0x08001726   0x08001726   0x00000006   Code   RO         1177    i.TIM_ClearITPendingBit  stm32f10x_tim.o
    0x0800172c   0x0800172c   0x00000018   Code   RO         1182    i.TIM_Cmd           stm32f10x_tim.o
    0x08001744   0x08001744   0x00000006   Code   RO         1201    i.TIM_GetCounter    stm32f10x_tim.o
    0x0800174a   0x0800174a   0x00000012   Code   RO         1202    i.TIM_GetFlagStatus  stm32f10x_tim.o
    0x0800175c   0x0800175c   0x00000022   Code   RO         1203    i.TIM_GetITStatus   stm32f10x_tim.o
    0x0800177e   0x0800177e   0x00000012   Code   RO         1207    i.TIM_ITConfig      stm32f10x_tim.o
    0x08001790   0x08001790   0x00000098   Code   RO         1211    i.TIM_OC1Init       stm32f10x_tim.o
    0x08001828   0x08001828   0x00000012   Code   RO         1214    i.TIM_OC1PreloadConfig  stm32f10x_tim.o
    0x0800183a   0x0800183a   0x00000002   PAD
    0x0800183c   0x0800183c   0x000000a4   Code   RO         1216    i.TIM_OC2Init       stm32f10x_tim.o
    0x080018e0   0x080018e0   0x0000001a   Code   RO         1219    i.TIM_OC2PreloadConfig  stm32f10x_tim.o
    0x080018fa   0x080018fa   0x00000002   PAD
    0x080018fc   0x080018fc   0x000000a0   Code   RO         1221    i.TIM_OC3Init       stm32f10x_tim.o
    0x0800199c   0x0800199c   0x00000012   Code   RO         1224    i.TIM_OC3PreloadConfig  stm32f10x_tim.o
    0x080019ae   0x080019ae   0x00000002   PAD
    0x080019b0   0x080019b0   0x0000007c   Code   RO         1226    i.TIM_OC4Init       stm32f10x_tim.o
    0x08001a2c   0x08001a2c   0x0000001a   Code   RO         1228    i.TIM_OC4PreloadConfig  stm32f10x_tim.o
    0x08001a46   0x08001a46   0x00000004   Code   RO         1241    i.TIM_SetAutoreload  stm32f10x_tim.o
    0x08001a4a   0x08001a4a   0x00000004   Code   RO         1247    i.TIM_SetCounter    stm32f10x_tim.o
    0x08001a4e   0x08001a4e   0x00000002   PAD
    0x08001a50   0x08001a50   0x000000a4   Code   RO         1253    i.TIM_TimeBaseInit  stm32f10x_tim.o
    0x08001af4   0x08001af4   0x0000005c   Code   RO         2209    i.Timer4_Init       usmart.o
    0x08001b50   0x08001b50   0x00000088   Code   RO          908    i.USART1_IRQHandler  usart.o
    0x08001bd8   0x08001bd8   0x0000007c   Code   RO          710    i.USART3_IRQHandler  usart3.o
    0x08001c54   0x08001c54   0x00000018   Code   RO          990    i.USART_Cmd         stm32f10x_usart.o
    0x08001c6c   0x08001c6c   0x0000009c   Code   RO          992    i.USART_DeInit      stm32f10x_usart.o
    0x08001d08   0x08001d08   0x0000001a   Code   RO          993    i.USART_GetFlagStatus  stm32f10x_usart.o
    0x08001d22   0x08001d22   0x00000054   Code   RO          994    i.USART_GetITStatus  stm32f10x_usart.o
    0x08001d76   0x08001d76   0x0000004a   Code   RO          996    i.USART_ITConfig    stm32f10x_usart.o
    0x08001dc0   0x08001dc0   0x000000d8   Code   RO          997    i.USART_Init        stm32f10x_usart.o
    0x08001e98   0x08001e98   0x0000000a   Code   RO         1004    i.USART_ReceiveData  stm32f10x_usart.o
    0x08001ea2   0x08001ea2   0x00000008   Code   RO         1007    i.USART_SendData    stm32f10x_usart.o
    0x08001eaa   0x08001eaa   0x00000004   Code   RO          161    i.UsageFault_Handler  stm32f10x_it.o
    0x08001eae   0x08001eae   0x00000002   PAD
    0x08001eb0   0x08001eb0   0x0000004c   Code   RO         2695    i.__rt_ffs          kservice.o
    0x08001efc   0x08001efc   0x00000014   Code   RO         2488    i._has_defunct_thread  idle.o
    0x08001f10   0x08001f10   0x0000000e   Code   RO         3402    i._is_digit         c_w.l(__printf_wp.o)
    0x08001f1e   0x08001f1e   0x00000002   PAD
    0x08001f20   0x08001f20   0x00000084   Code   RO         3082    i._rt_thread_init   thread.o
    0x08001fa4   0x08001fa4   0x00000042   Code   RO         3203    i._rt_timer_init    timer_1.o
    0x08001fe6   0x08001fe6   0x0000002e   Code   RO         3204    i._rt_timer_remove  timer_1.o
    0x08002014   0x08002014   0x00000006   Code   RO          909    i._sys_exit         usart.o
    0x0800201a   0x0800201a   0x00000002   PAD
    0x0800201c   0x0800201c   0x0000001c   Code   RO          910    i.fputc             usart.o
    0x08002038   0x08002038   0x00000054   Code   RO          307    i.gps_init          gps.o
    0x0800208c   0x0800208c   0x00000088   Code   RO          806    i.gps_thread_entry  gps_thread.o
    0x08002114   0x08002114   0x0000004c   Code   RO          807    i.gps_thread_init   gps_thread.o
    0x08002160   0x08002160   0x00000020   Code   RO          830    i.led0_thread_entry  led_thread.o
    0x08002180   0x08002180   0x00000020   Code   RO          831    i.led1_thread_entry  led_thread.o
    0x080021a0   0x080021a0   0x00000058   Code   RO          832    i.led_thread_init   led_thread.o
    0x080021f8   0x080021f8   0x00000032   Code   RO            1    i.main              main.o
    0x0800222a   0x0800222a   0x0000000e   Code   RO         2415    i.main_thread_entry  components.o
    0x08002238   0x08002238   0x000000e4   Code   RO          746    i.motor_init        motor.o
    0x0800231c   0x0800231c   0x00000078   Code   RO         2872    i.plug_holes        mem.o
    0x08002394   0x08002394   0x00000198   Code   RO         2697    i.print_number      kservice.o
    0x0800252c   0x0800252c   0x00000006   Code   RO         2210    i.read_addr         usmart.o
    0x08002532   0x08002532   0x00000002   PAD
    0x08002534   0x08002534   0x00000030   Code   RO         2416    i.rt_application_init  components.o
    0x08002564   0x08002564   0x0000001c   Code   RO         2417    i.rt_components_board_init  components.o
    0x08002580   0x08002580   0x0000001c   Code   RO         2418    i.rt_components_init  components.o
    0x0800259c   0x0800259c   0x00000020   Code   RO         3010    i.rt_enter_critical  scheduler.o
    0x080025bc   0x080025bc   0x00000044   Code   RO         3011    i.rt_exit_critical  scheduler.o
    0x08002600   0x08002600   0x000000e0   Code   RO         2874    i.rt_free           mem.o
    0x080026e0   0x080026e0   0x00000008   Code   RO          236    i.rt_heap_begin_get  board.o
    0x080026e8   0x080026e8   0x00000008   Code   RO          237    i.rt_heap_end_get   board.o
    0x080026f0   0x080026f0   0x00000078   Code   RO          238    i.rt_hw_board_init  board.o
    0x08002768   0x08002768   0x00000002   Code   RO         2700    i.rt_hw_console_output  kservice.o
    0x0800276a   0x0800276a   0x00000002   PAD
    0x0800276c   0x0800276c   0x00000200   Code   RO         3317    i.rt_hw_hard_fault_exception  cpuport.o
    0x0800296c   0x0800296c   0x0000004c   Code   RO         3318    i.rt_hw_stack_init  cpuport.o
    0x080029b8   0x080029b8   0x00000020   Code   RO         2668    i.rt_interrupt_enter  irq.o
    0x080029d8   0x080029d8   0x00000020   Code   RO         2670    i.rt_interrupt_leave  irq.o
    0x080029f8   0x080029f8   0x00000014   Code   RO         2528    i.rt_ipc_list_resume  ipc.o
    0x08002a0c   0x08002a0c   0x0000006c   Code   RO         2530    i.rt_ipc_list_suspend  ipc.o
    0x08002a78   0x08002a78   0x00000010   Code   RO         2531    i.rt_ipc_object_init  ipc.o
    0x08002a88   0x08002a88   0x00000030   Code   RO         2701    i.rt_kprintf        kservice.o
    0x08002ab8   0x08002ab8   0x00000006   Code   RO         2532    i.rt_list_init      ipc.o
    0x08002abe   0x08002abe   0x00000006   Code   RO         3012    i.rt_list_init      scheduler.o
    0x08002ac4   0x08002ac4   0x00000006   Code   RO         3205    i.rt_list_init      timer_1.o
    0x08002aca   0x08002aca   0x0000000e   Code   RO         2934    i.rt_list_insert_after  object.o
    0x08002ad8   0x08002ad8   0x0000000e   Code   RO         3083    i.rt_list_insert_after  thread.o
    0x08002ae6   0x08002ae6   0x0000000e   Code   RO         3206    i.rt_list_insert_after  timer_1.o
    0x08002af4   0x08002af4   0x0000000e   Code   RO         2533    i.rt_list_insert_before  ipc.o
    0x08002b02   0x08002b02   0x00000010   Code   RO         2534    i.rt_list_isempty   ipc.o
    0x08002b12   0x08002b12   0x00000010   Code   RO         3207    i.rt_list_isempty   timer_1.o
    0x08002b22   0x08002b22   0x00000012   Code   RO         2935    i.rt_list_remove    object.o
    0x08002b34   0x08002b34   0x00000012   Code   RO         3084    i.rt_list_remove    thread.o
    0x08002b46   0x08002b46   0x00000002   PAD
    0x08002b48   0x08002b48   0x0000016c   Code   RO         2875    i.rt_malloc         mem.o
    0x08002cb4   0x08002cb4   0x00000048   Code   RO         2707    i.rt_memset         kservice.o
    0x08002cfc   0x08002cfc   0x00000054   Code   RO         2936    i.rt_object_allocate  object.o
    0x08002d50   0x08002d50   0x00000024   Code   RO         2937    i.rt_object_delete  object.o
    0x08002d74   0x08002d74   0x0000001e   Code   RO         2938    i.rt_object_detach  object.o
    0x08002d92   0x08002d92   0x00000002   PAD
    0x08002d94   0x08002d94   0x00000028   Code   RO         2940    i.rt_object_get_information  object.o
    0x08002dbc   0x08002dbc   0x00000056   Code   RO         2942    i.rt_object_init    object.o
    0x08002e12   0x08002e12   0x00000012   Code   RO         2943    i.rt_object_is_systemobject  object.o
    0x08002e24   0x08002e24   0x00000084   Code   RO         3013    i.rt_schedule       scheduler.o
    0x08002ea8   0x08002ea8   0x00000050   Code   RO         3014    i.rt_schedule_insert_thread  scheduler.o
    0x08002ef8   0x08002ef8   0x00000054   Code   RO         3015    i.rt_schedule_remove_thread  scheduler.o
    0x08002f4c   0x08002f4c   0x0000002a   Code   RO         2544    i.rt_sem_create     ipc.o
    0x08002f76   0x08002f76   0x00000026   Code   RO         2547    i.rt_sem_init       ipc.o
    0x08002f9c   0x08002f9c   0x0000003a   Code   RO         2548    i.rt_sem_release    ipc.o
    0x08002fd6   0x08002fd6   0x00000074   Code   RO         2549    i.rt_sem_take       ipc.o
    0x0800304a   0x0800304a   0x00000002   PAD
    0x0800304c   0x0800304c   0x000000b0   Code   RO         2709    i.rt_show_version   kservice.o
    0x080030fc   0x080030fc   0x00000012   Code   RO         2715    i.rt_strlen         kservice.o
    0x0800310e   0x0800310e   0x00000034   Code   RO         2717    i.rt_strncpy        kservice.o
    0x08003142   0x08003142   0x00000002   PAD
    0x08003144   0x08003144   0x000000f8   Code   RO         2878    i.rt_system_heap_init  mem.o
    0x0800323c   0x0800323c   0x0000004c   Code   RO         3016    i.rt_system_scheduler_init  scheduler.o
    0x08003288   0x08003288   0x00000030   Code   RO         3017    i.rt_system_scheduler_start  scheduler.o
    0x080032b8   0x080032b8   0x0000001c   Code   RO         3208    i.rt_system_timer_init  timer_1.o
    0x080032d4   0x080032d4   0x00000002   Code   RO         3209    i.rt_system_timer_thread_init  timer_1.o
    0x080032d6   0x080032d6   0x00000050   Code   RO         3086    i.rt_thread_create  thread.o
    0x08003326   0x08003326   0x0000000c   Code   RO         3087    i.rt_thread_delay   thread.o
    0x08003332   0x08003332   0x00000002   PAD
    0x08003334   0x08003334   0x00000054   Code   RO         3090    i.rt_thread_exit    thread.o
    0x08003388   0x08003388   0x00000008   Code   RO         2489    i.rt_thread_idle_entry  idle.o
    0x08003390   0x08003390   0x0000008c   Code   RO         2490    i.rt_thread_idle_excute  idle.o
    0x0800341c   0x0800341c   0x0000003c   Code   RO         2492    i.rt_thread_idle_init  idle.o
    0x08003458   0x08003458   0x00000034   Code   RO         3092    i.rt_thread_init    thread.o
    0x0800348c   0x0800348c   0x0000003c   Code   RO         3094    i.rt_thread_resume  thread.o
    0x080034c8   0x080034c8   0x0000000c   Code   RO         3095    i.rt_thread_self    thread.o
    0x080034d4   0x080034d4   0x00000044   Code   RO         3096    i.rt_thread_sleep   thread.o
    0x08003518   0x08003518   0x0000002c   Code   RO         3097    i.rt_thread_startup  thread.o
    0x08003544   0x08003544   0x00000044   Code   RO         3098    i.rt_thread_suspend  thread.o
    0x08003588   0x08003588   0x00000020   Code   RO         3099    i.rt_thread_timeout  thread.o
    0x080035a8   0x080035a8   0x00000064   Code   RO         3100    i.rt_thread_yield   thread.o
    0x0800360c   0x0800360c   0x0000000c   Code   RO         2378    i.rt_tick_get       clock.o
    0x08003618   0x08003618   0x00000030   Code   RO         2379    i.rt_tick_increase  clock.o
    0x08003648   0x08003648   0x0000007c   Code   RO         3210    i.rt_timer_check    timer_1.o
    0x080036c4   0x080036c4   0x00000038   Code   RO         3211    i.rt_timer_control  timer_1.o
    0x080036fc   0x080036fc   0x00000020   Code   RO         3214    i.rt_timer_detach   timer_1.o
    0x0800371c   0x0800371c   0x0000002e   Code   RO         3215    i.rt_timer_init     timer_1.o
    0x0800374a   0x0800374a   0x00000002   PAD
    0x0800374c   0x0800374c   0x000000f8   Code   RO         3218    i.rt_timer_start    timer_1.o
    0x08003844   0x08003844   0x00000030   Code   RO         3219    i.rt_timer_stop     timer_1.o
    0x08003874   0x08003874   0x00000330   Code   RO         2720    i.rt_vsnprintf      kservice.o
    0x08003ba4   0x08003ba4   0x00000004   Code   RO         2419    i.rti_board_end     components.o
    0x08003ba8   0x08003ba8   0x00000004   Code   RO         2420    i.rti_board_start   components.o
    0x08003bac   0x08003bac   0x00000004   Code   RO         2421    i.rti_end           components.o
    0x08003bb0   0x08003bb0   0x00000004   Code   RO         2422    i.rti_start         components.o
    0x08003bb4   0x08003bb4   0x0000002a   Code   RO         2423    i.rtthread_startup  components.o
    0x08003bde   0x08003bde   0x00000026   Code   RO         2722    i.skip_atoi         kservice.o
    0x08003c04   0x08003c04   0x000000a0   Code   RO          911    i.uart_init         usart.o
    0x08003ca4   0x08003ca4   0x000000d0   Code   RO          712    i.usart3_init       usart3.o
    0x08003d74   0x08003d74   0x000000b0   Code   RO         2211    i.usmart_cmd_rec    usmart.o
    0x08003e24   0x08003e24   0x000002d4   Code   RO         2212    i.usmart_exe        usmart.o
    0x080040f8   0x080040f8   0x000000c8   Code   RO         2304    i.usmart_get_aparm  usmart_str.o
    0x080041c0   0x080041c0   0x00000036   Code   RO         2305    i.usmart_get_cmdname  usmart_str.o
    0x080041f6   0x080041f6   0x00000002   PAD
    0x080041f8   0x080041f8   0x000001c0   Code   RO         2306    i.usmart_get_fname  usmart_str.o
    0x080043b8   0x080043b8   0x0000010c   Code   RO         2307    i.usmart_get_fparam  usmart_str.o
    0x080044c4   0x080044c4   0x00000020   Code   RO         2308    i.usmart_get_parmpos  usmart_str.o
    0x080044e4   0x080044e4   0x00000044   Code   RO         2213    i.usmart_get_runtime  usmart.o
    0x08004528   0x08004528   0x00000028   Code   RO         2214    i.usmart_init       usmart.o
    0x08004550   0x08004550   0x00000016   Code   RO         2309    i.usmart_pow        usmart_str.o
    0x08004566   0x08004566   0x00000002   PAD
    0x08004568   0x08004568   0x00000030   Code   RO         2215    i.usmart_reset_runtime  usmart.o
    0x08004598   0x08004598   0x000000bc   Code   RO         2216    i.usmart_scan       usmart.o
    0x08004654   0x08004654   0x00000016   Code   RO         2310    i.usmart_search_nextc  usmart_str.o
    0x0800466a   0x0800466a   0x000000ca   Code   RO         2311    i.usmart_str2num    usmart_str.o
    0x08004734   0x08004734   0x00000022   Code   RO         2312    i.usmart_strcmp     usmart_str.o
    0x08004756   0x08004756   0x00000016   Code   RO         2313    i.usmart_strcopy    usmart_str.o
    0x0800476c   0x0800476c   0x00000018   Code   RO         2314    i.usmart_strlen     usmart_str.o
    0x08004784   0x08004784   0x000006e4   Code   RO         2217    i.usmart_sys_cmd_exe  usmart.o
    0x08004e68   0x08004e68   0x00000004   Code   RO         2218    i.write_addr        usmart.o
    0x08004e6c   0x08004e6c   0x000000c4   Code   RO         3447    x$fpl$fadd          fz_ws.l(faddsub_clz.o)
    0x08004f30   0x08004f30   0x00000184   Code   RO         3454    x$fpl$fdiv          fz_ws.l(fdiv.o)
    0x080050b4   0x080050b4   0x0000003e   Code   RO         3457    x$fpl$ffixu         fz_ws.l(ffixu.o)
    0x080050f2   0x080050f2   0x00000002   PAD
    0x080050f4   0x080050f4   0x00000026   Code   RO         3461    x$fpl$ffltu         fz_ws.l(fflt_clz.o)
    0x0800511a   0x0800511a   0x00000002   PAD
    0x0800511c   0x0800511c   0x00000102   Code   RO         3467    x$fpl$fmul          fz_ws.l(fmul.o)
    0x0800521e   0x0800521e   0x0000008c   Code   RO         3522    x$fpl$fnaninf       fz_ws.l(fnaninf.o)
    0x080052aa   0x080052aa   0x0000000a   Code   RO         3524    x$fpl$fretinf       fz_ws.l(fretinf.o)
    0x080052b4   0x080052b4   0x000000ea   Code   RO         3449    x$fpl$fsub          fz_ws.l(faddsub_clz.o)
    0x0800539e   0x0800539e   0x00000000   Code   RO         3526    x$fpl$usenofp       fz_ws.l(usenofp.o)
    0x0800539e   0x0800539e   0x00000002   PAD
    0x080053a0   0x080053a0   0x00000024   Data   RO          308    .constdata          gps.o
    0x080053c4   0x080053c4   0x00000122   Data   RO         2724    .constdata          kservice.o
    0x080054e6   0x080054e6   0x00000028   Data   RO         3390    .constdata          c_w.l(_printf_hex_int_ll_ptr.o)
    0x0800550e   0x0800550e   0x00000011   Data   RO         3410    .constdata          c_w.l(__printf_flags_ss_wp.o)
    0x0800551f   0x0800551f   0x00000001   PAD
    0x08005520   0x08005520   0x00000028   Data   RO         2219    .conststring        usmart.o
    0x08005548   0x08005548   0x00000094   Data   RO         2291    .conststring        usmart_config.o
    0x080055dc   0x080055dc   0x00000004   Data   RO         2424    .rti_fn.0           components.o
    0x080055e0   0x080055e0   0x00000004   Data   RO         2425    .rti_fn.0.end       components.o
    0x080055e4   0x080055e4   0x00000004   Data   RO         2426    .rti_fn.1.end       components.o
    0x080055e8   0x080055e8   0x00000004   Data   RO         2427    .rti_fn.6.end       components.o
    0x080055ec   0x080055ec   0x00000020   Data   RO         3733    Region$$Table       anon$$obj.o


    Execution Region RW_IRAM1 (Exec base: 0x20000000, Load base: 0x0800560c, Size: 0x00002468, Max: 0x00010000, ABSOLUTE, COMPRESSED[0x00000090])

    Exec Addr    Load Addr    Size         Type   Attr      Idx    E Section Name        Object

    0x20000000   COMPRESSED   0x00000014   Data   RW          205    .data               system_stm32f10x.o
    0x20000014   COMPRESSED   0x00000002   Data   RW          714    .data               usart3.o
    0x20000016   COMPRESSED   0x00000002   PAD
    0x20000018   COMPRESSED   0x00000008   Data   RW          809    .data               gps_thread.o
    0x20000020   COMPRESSED   0x00000008   Data   RW          833    .data               led_thread.o
    0x20000028   COMPRESSED   0x00000006   Data   RW          913    .data               usart.o
    0x2000002e   COMPRESSED   0x00000014   Data   RW         1746    .data               stm32f10x_rcc.o
    0x20000042   COMPRESSED   0x00000002   PAD
    0x20000044   COMPRESSED   0x0000001c   Data   RW         2220    .data               usmart.o
    0x20000060   COMPRESSED   0x0000011c   Data   RW         2292    .data               usmart_config.o
    0x2000017c   COMPRESSED   0x00000004   Data   RW         2381    .data               clock.o
    0x20000180   COMPRESSED   0x00000001   Data   RW         2671    .data               irq.o
    0x20000181   COMPRESSED   0x00000003   PAD
    0x20000184   COMPRESSED   0x00000018   Data   RW         2880    .data               mem.o
    0x2000019c   COMPRESSED   0x00000040   Data   RW         2945    .data               object.o
    0x200001dc   COMPRESSED   0x00000018   Data   RW         3019    .data               scheduler.o
    0x200001f4   COMPRESSED   0x0000000c   Data   RW         3220    .data               timer_1.o
    0x20000200   COMPRESSED   0x00000010   Data   RW         3319    .data               cpuport.o
    0x20000210        -       0x00001000   Zero   RW          239    .bss                board.o
    0x20001210        -       0x000004b0   Zero   RW          713    .bss                usart3.o
    0x200016c0        -       0x00000362   Zero   RW          808    .bss                gps_thread.o
    0x20001a22        -       0x000000c8   Zero   RW          912    .bss                usart.o
    0x20001aea   COMPRESSED   0x00000002   PAD
    0x20001aec        -       0x00000178   Zero   RW         2493    .bss                idle.o
    0x20001c64        -       0x00000080   Zero   RW         2723    .bss                kservice.o
    0x20001ce4        -       0x00000020   Zero   RW         2879    .bss                mem.o
    0x20001d04        -       0x00000100   Zero   RW         3018    .bss                scheduler.o
    0x20001e04        -       0x00000060   Zero   RW         3594    .bss                c_w.l(libspace.o)
    0x20001e64   COMPRESSED   0x00000004   PAD
    0x20001e68        -       0x00000200   Zero   RW          286    HEAP                startup_stm32f10x_hd.o
    0x20002068        -       0x00000400   Zero   RW          285    STACK               startup_stm32f10x_hd.o


==============================================================================

Image component sizes


      Code (inc. data)   RO Data    RW Data    ZI Data      Debug   Object Name

       152         22          0          0       4096      17598   board.o
        60         12          0          4          0       1193   clock.o
       186         30         16          0          0       5824   components.o
       244         26          0          0          0        800   context_rvds.o
         0          0          0          0          0         32   core_cm3.o
       588        328          0         16          0       3310   cpuport.o
      2422        100         36          0          0     218300   gps.o
       212         54          0          8        866       1907   gps_thread.o
       228         32          0          0        376       5550   idle.o
       434          0          0          0          0       8945   ipc.o
        64         12          0          1          0       1590   irq.o
      1706        164        290          0        128       9295   kservice.o
        76          8          0          0          0        503   led.o
       152         42          0          8          0       1626   led_thread.o
        50          0          0          0          0     257231   main.o
       956        224          0         24         32       3896   mem.o
       132         22          0          0          0       1535   misc.o
       228         14          0          0          0        733   motor.o
       326          4          0         64          0       8240   object.o
       526         90          0         24        256       8438   scheduler.o
        64         26        304          0       1536        808   startup_stm32f10x_hd.o
       282          0          0          0          0       2499   stm32f10x_gpio.o
        18          0          0          0          0       2475   stm32f10x_it.o
       340         44          0         20          0       5592   stm32f10x_rcc.o
       972         92          0          0          0      11536   stm32f10x_tim.o
       598         28          0          0          0       6792   stm32f10x_usart.o
       328         28          0         20          0       2097   system_stm32f10x.o
       776         36          0          0          0      11771   thread.o
       148         16          0          0          0       1138   timer.o
       732         20          0         12          0      11104   timer_1.o
       330         26          0          6        200       4156   usart.o
       332         38          0          2       1200       2226   usart3.o
      3166       1330         40         28          0       7586   usmart.o
         0          0        148        284          0       1580   usmart_config.o
      1328         20          0          0          0       8481   usmart_str.o

    ----------------------------------------------------------------------
     18196       2888        866        528       8692     636387   Object Totals
         0          0         32          0          0          0   (incl. Generated)
        40          0          0          7          2          0   (incl. Padding)

    ----------------------------------------------------------------------

      Code (inc. data)   RO Data    RW Data    ZI Data      Debug   Library Member Name

        24          4          0          0          0         84   __2printf.o
        90          0          0          0          0          0   __dczerorl2.o
         8          0          0          0          0         68   __main.o
       392          4         17          0          0         92   __printf_flags_ss_wp.o
        14          0          0          0          0         68   __printf_wp.o
         0          0          0          0          0          0   __rtentry.o
        12          0          0          0          0          0   __rtentry2.o
         6          0          0          0          0          0   __rtentry4.o
        52          8          0          0          0          0   __scatter.o
        28          0          0          0          0          0   __scatter_zi.o
         6          0          0          0          0          0   _printf_c.o
        44          0          0          0          0        108   _printf_char.o
        48          6          0          0          0         96   _printf_char_common.o
        36          4          0          0          0         80   _printf_char_file.o
         6          0          0          0          0          0   _printf_d.o
       120         16          0          0          0         92   _printf_dec.o
       148          4         40          0          0        160   _printf_hex_int_ll_ptr.o
       178          0          0          0          0         88   _printf_intcommon.o
        78          0          0          0          0        108   _printf_pad.o
         0          0          0          0          0          0   _printf_percent.o
         4          0          0          0          0          0   _printf_percent_end.o
         6          0          0          0          0          0   _printf_s.o
        82          0          0          0          0         80   _printf_str.o
         6          0          0          0          0          0   _printf_u.o
         6          0          0          0          0          0   _printf_x.o
        18          0          0          0          0         80   exit.o
         8          0          0          0          0         68   ferror.o
         6          0          0          0          0        152   heapauxi.o
         2          0          0          0          0          0   libinit.o
         2          0          0          0          0          0   libinit2.o
         2          0          0          0          0          0   libshutdown.o
         2          0          0          0          0          0   libshutdown2.o
         8          4          0          0         96         68   libspace.o
         2          0          0          0          0          0   rtexit.o
        10          0          0          0          0          0   rtexit2.o
        36          0          0          0          0         80   strstr.o
        74          0          0          0          0         80   sys_stackheap_outer.o
         2          0          0          0          0         68   use_no_semi.o
         2          0          0          0          0         68   use_no_semi_2.o
       430          8          0          0          0        168   faddsub_clz.o
       388         76          0          0          0         96   fdiv.o
        62          4          0          0          0         84   ffixu.o
        38          0          0          0          0         68   fflt_clz.o
       258          4          0          0          0         84   fmul.o
       140          4          0          0          0         84   fnaninf.o
        10          0          0          0          0         68   fretinf.o
         0          0          0          0          0          0   usenofp.o

    ----------------------------------------------------------------------
      2908        146         58          0        100       2440   Library Totals
        14          0          1          0          4          0   (incl. Padding)

    ----------------------------------------------------------------------

      Code (inc. data)   RO Data    RW Data    ZI Data      Debug   Library Name

      1568         50         57          0         96       1788   c_w.l
      1326         96          0          0          0        652   fz_ws.l

    ----------------------------------------------------------------------
      2908        146         58          0        100       2440   Library Totals

    ----------------------------------------------------------------------

==============================================================================


      Code (inc. data)   RO Data    RW Data    ZI Data      Debug   

     21104       3034        924        528       8792     627955   Grand Totals
     21104       3034        924        144       8792     627955   ELF Image Totals (compressed)
     21104       3034        924        144          0          0   ROM Totals

==============================================================================

    Total RO  Size (Code + RO Data)                22028 (  21.51kB)
    Total RW  Size (RW Data + ZI Data)              9320 (   9.10kB)
    Total ROM Size (Code + RO Data + RW Data)      22172 (  21.65kB)

==============================================================================

